Component: ARM Compiler 5.06 update 5 (build 528) Tool: armlink [4d35e2]

==============================================================================

Section Cross References

    stm32f4xx_hal_rcc_ex.o(i.HAL_RCCEx_PeriphCLKConfig) refers to stm32f4xx_hal.o(i.HAL_GetTick) for HAL_GetTick
    stm32f4xx_hal_rcc_ex.o(i.HAL_RCC_DeInit) refers to system_stm32f4xx.o(.data) for SystemCoreClock
    stm32f4xx_hal_flash.o(i.FLASH_SetErrorCode) refers to stm32f4xx_hal_flash.o(.bss) for .bss
    stm32f4xx_hal_flash.o(i.FLASH_WaitForLastOperation) refers to stm32f4xx_hal.o(i.HAL_GetTick) for HAL_GetTick
    stm32f4xx_hal_flash.o(i.FLASH_WaitForLastOperation) refers to stm32f4xx_hal_flash.o(i.FLASH_SetErrorCode) for FLASH_SetErrorCode
    stm32f4xx_hal_flash.o(i.FLASH_WaitForLastOperation) refers to stm32f4xx_hal_flash.o(.bss) for .bss
    stm32f4xx_hal_flash.o(i.HAL_FLASH_GetError) refers to stm32f4xx_hal_flash.o(.bss) for .bss
    stm32f4xx_hal_flash.o(i.HAL_FLASH_IRQHandler) refers to stm32f4xx_hal_flash.o(i.FLASH_SetErrorCode) for FLASH_SetErrorCode
    stm32f4xx_hal_flash.o(i.HAL_FLASH_IRQHandler) refers to stm32f4xx_hal_flash.o(i.HAL_FLASH_OperationErrorCallback) for HAL_FLASH_OperationErrorCallback
    stm32f4xx_hal_flash.o(i.HAL_FLASH_IRQHandler) refers to stm32f4xx_hal_flash.o(i.HAL_FLASH_EndOfOperationCallback) for HAL_FLASH_EndOfOperationCallback
    stm32f4xx_hal_flash.o(i.HAL_FLASH_IRQHandler) refers to stm32f4xx_hal_flash_ex.o(i.FLASH_Erase_Sector) for FLASH_Erase_Sector
    stm32f4xx_hal_flash.o(i.HAL_FLASH_IRQHandler) refers to stm32f4xx_hal_flash_ex.o(i.FLASH_FlushCaches) for FLASH_FlushCaches
    stm32f4xx_hal_flash.o(i.HAL_FLASH_IRQHandler) refers to stm32f4xx_hal_flash.o(.bss) for .bss
    stm32f4xx_hal_flash.o(i.HAL_FLASH_OB_Launch) refers to stm32f4xx_hal_flash.o(i.FLASH_WaitForLastOperation) for FLASH_WaitForLastOperation
    stm32f4xx_hal_flash.o(i.HAL_FLASH_Program) refers to stm32f4xx_hal_flash.o(i.FLASH_WaitForLastOperation) for FLASH_WaitForLastOperation
    stm32f4xx_hal_flash.o(i.HAL_FLASH_Program) refers to stm32f4xx_hal_flash.o(i.FLASH_Program_DoubleWord) for FLASH_Program_DoubleWord
    stm32f4xx_hal_flash.o(i.HAL_FLASH_Program) refers to stm32f4xx_hal_flash.o(i.FLASH_Program_Byte) for FLASH_Program_Byte
    stm32f4xx_hal_flash.o(i.HAL_FLASH_Program) refers to stm32f4xx_hal_flash.o(i.FLASH_Program_HalfWord) for FLASH_Program_HalfWord
    stm32f4xx_hal_flash.o(i.HAL_FLASH_Program) refers to stm32f4xx_hal_flash.o(i.FLASH_Program_Word) for FLASH_Program_Word
    stm32f4xx_hal_flash.o(i.HAL_FLASH_Program) refers to stm32f4xx_hal_flash.o(.bss) for .bss
    stm32f4xx_hal_flash.o(i.HAL_FLASH_Program_IT) refers to stm32f4xx_hal_flash.o(i.FLASH_Program_DoubleWord) for FLASH_Program_DoubleWord
    stm32f4xx_hal_flash.o(i.HAL_FLASH_Program_IT) refers to stm32f4xx_hal_flash.o(i.FLASH_Program_Byte) for FLASH_Program_Byte
    stm32f4xx_hal_flash.o(i.HAL_FLASH_Program_IT) refers to stm32f4xx_hal_flash.o(i.FLASH_Program_HalfWord) for FLASH_Program_HalfWord
    stm32f4xx_hal_flash.o(i.HAL_FLASH_Program_IT) refers to stm32f4xx_hal_flash.o(i.FLASH_Program_Word) for FLASH_Program_Word
    stm32f4xx_hal_flash.o(i.HAL_FLASH_Program_IT) refers to stm32f4xx_hal_flash.o(.bss) for .bss
    stm32f4xx_hal.o(i.HAL_DeInit) refers to stm32f4xx_hal.o(i.HAL_MspDeInit) for HAL_MspDeInit
    stm32f4xx_hal.o(i.HAL_Delay) refers to stm32f4xx_hal.o(i.HAL_GetTick) for HAL_GetTick
    stm32f4xx_hal.o(i.HAL_GetTick) refers to stm32f4xx_hal.o(.data) for .data
    stm32f4xx_hal.o(i.HAL_IncTick) refers to stm32f4xx_hal.o(.data) for .data
    stm32f4xx_hal.o(i.HAL_Init) refers to stm32f4xx_hal_cortex.o(i.HAL_NVIC_SetPriorityGrouping) for HAL_NVIC_SetPriorityGrouping
    stm32f4xx_hal.o(i.HAL_Init) refers to stm32f4xx_hal.o(i.HAL_InitTick) for HAL_InitTick
    stm32f4xx_hal.o(i.HAL_Init) refers to stm32f4xx_hal_msp.o(i.HAL_MspInit) for HAL_MspInit
    stm32f4xx_hal.o(i.HAL_InitTick) refers to stm32f4xx_hal_cortex.o(i.HAL_SYSTICK_Config) for HAL_SYSTICK_Config
    stm32f4xx_hal.o(i.HAL_InitTick) refers to stm32f4xx_hal_cortex.o(i.HAL_NVIC_SetPriority) for HAL_NVIC_SetPriority
    stm32f4xx_hal.o(i.HAL_InitTick) refers to system_stm32f4xx.o(.data) for SystemCoreClock
    stm32f4xx_hal_tim.o(i.HAL_TIM_Base_DeInit) refers to stm32f4xx_hal_msp.o(i.HAL_TIM_Base_MspDeInit) for HAL_TIM_Base_MspDeInit
    stm32f4xx_hal_tim.o(i.HAL_TIM_Base_Init) refers to stm32f4xx_hal_msp.o(i.HAL_TIM_Base_MspInit) for HAL_TIM_Base_MspInit
    stm32f4xx_hal_tim.o(i.HAL_TIM_Base_Init) refers to stm32f4xx_hal_tim.o(i.TIM_Base_SetConfig) for TIM_Base_SetConfig
    stm32f4xx_hal_tim.o(i.HAL_TIM_Base_Start_DMA) refers to stm32f4xx_hal_dma.o(i.HAL_DMA_Start_IT) for HAL_DMA_Start_IT
    stm32f4xx_hal_tim.o(i.HAL_TIM_Base_Start_DMA) refers to stm32f4xx_hal_tim.o(i.TIM_DMAPeriodElapsedCplt) for TIM_DMAPeriodElapsedCplt
    stm32f4xx_hal_tim.o(i.HAL_TIM_Base_Start_DMA) refers to stm32f4xx_hal_tim.o(i.TIM_DMAError) for TIM_DMAError
[...]
    .data                                    0x20000554   Section        4  main.o(.data)
    .data                                    0x20000558   Section        4  main.o(.data)
    .data                                    0x2000055c   Section        1  main.o(.data)
    .data                                    0x2000055d   Section        1  main.o(.data)
    .data                                    0x2000055e   Section        1  main.o(.data)
    .data                                    0x20000560   Section        2  main.o(.data)
    .data                                    0x20000562   Section       14  main.o(.data)
    .data                                    0x20000570   Section       14  main.o(.data)
    .data                                    0x2000057e   Section       53  main.o(.data)
    .data                                    0x200005b3   Section       45  main.o(.data)
    .data                                    0x200005e0   Section       34  main.o(.data)
    .data                                    0x20000602   Section       38  main.o(.data)
    .data                                    0x20000628   Section       38  main.o(.data)
    .data                                    0x2000064e   Section       34  main.o(.data)
    .data                                    0x20000670   Section       78  main.o(.data)
    .data                                    0x200006be   Section        1  main.o(.data)
    .data                                    0x200006bf   Section        1  main.o(.data)
    .data                                    0x200006c0   Section        1  main.o(.data)
    .data                                    0x200006c1   Section        1  main.o(.data)
    .data                                    0x200006c2   Section        1  main.o(.data)
    .data                                    0x200006c3   Section        1  main.o(.data)
    .data                                    0x200006c4   Section        1  main.o(.data)
    .data                                    0x200006c5   Section        1  main.o(.data)
    .data                                    0x200006c6   Section        1  main.o(.data)
    .data                                    0x200006c7   Section        1  main.o(.data)
    .data                                    0x200006c8   Section        1  main.o(.data)
    .data                                    0x200006c9   Section        1  main.o(.data)
    .data                                    0x200006ca   Section        2  main.o(.data)
    .bss                                     0x200006cc   Section      128  menu.o(.bss)
    .bss                                     0x2000074c   Section     2608  main.o(.bss)
    .bss                                     0x2000117c   Section       96  main.o(.bss)
    STACK                                    0x200011e0   Section     1024  startup_stm32f401xe.o(STACK)

    Global Symbols

    Symbol Name                              Value     Ov Type        Size  Object(Section)

    BuildAttributes$$THM_ISAv4$E$P$D$K$B$S$7EM$VFPi3$EXTD16$VFPS$VFMA$PE$A:L22UL41UL21$X:L11$S22US41US21$IEEE1$IW$USESV6$~STKCKD$USESV7$~SHL$OTIME$ROPI$IEEEX$EBA8$MICROLIB$REQ8$PRES8$EABIv2 0x00000000   Number         0  anon$$obj.o ABSOLUTE
    __ARM_use_no_argv                        0x00000000   Number         0  main.o ABSOLUTE
    _printf_a                                0x00000000   Number         0  stubs.o ABSOLUTE
    _printf_c                                0x00000000   Number         0  stubs.o ABSOLUTE
    _printf_charcount                        0x00000000   Number         0  stubs.o ABSOLUTE
    _printf_d                                0x00000000   Number         0  stubs.o ABSOLUTE
    _printf_e                                0x00000000   Number         0  stubs.o ABSOLUTE
    _printf_f                                0x00000000   Number         0  stubs.o ABSOLUTE
    _printf_flags                            0x00000000   Number         0  stubs.o ABSOLUTE
    _printf_fp_dec                           0x00000000   Number         0  stubs.o ABSOLUTE
    _printf_fp_hex                           0x00000000   Number         0  stubs.o ABSOLUTE
    _printf_g                                0x00000000   Number         0  stubs.o ABSOLUTE
    _printf_i                                0x00000000   Number         0  stubs.o ABSOLUTE
    _printf_int_dec                          0x00000000   Number         0  stubs.o ABSOLUTE
    _printf_l                                0x00000000   Number         0  stubs.o ABSOLUTE
    _printf_lc                               0x00000000   Number         0  stubs.o ABSOLUTE
    _printf_ll                               0x00000000   Number         0  stubs.o ABSOLUTE
    _printf_lld                              0x00000000   Number         0  stubs.o ABSOLUTE
    _printf_lli                              0x00000000   Number         0  stubs.o ABSOLUTE
    _printf_llo                              0x00000000   Number         0  stubs.o ABSOLUTE
    _printf_llu                              0x00000000   Number         0  stubs.o ABSOLUTE
    _printf_llx                              0x00000000   Number         0  stubs.o ABSOLUTE
    _printf_longlong_dec                     0x00000000   Number         0  stubs.o ABSOLUTE
    _printf_longlong_hex                     0x00000000   Number         0  stubs.o ABSOLUTE
    _printf_longlong_oct                     0x00000000   Number         0  stubs.o ABSOLUTE
    _printf_ls                               0x00000000   Number         0  stubs.o ABSOLUTE
    _printf_mbtowc                           0x00000000   Number         0  stubs.o ABSOLUTE
    _printf_n                                0x00000000   Number         0  stubs.o ABSOLUTE
    _printf_o                                0x00000000   Number         0  stubs.o ABSOLUTE
    _printf_p                                0x00000000   Number         0  stubs.o ABSOLUTE
    _printf_percent                          0x00000000   Number         0  stubs.o ABSOLUTE
    _printf_pre_padding                      0x00000000   Number         0  stubs.o ABSOLUTE
    _printf_return_value                     0x00000000   Number         0  stubs.o ABSOLUTE
    _printf_s                                0x00000000   Number         0  stubs.o ABSOLUTE
    _printf_sizespec                         0x00000000   Number         0  stubs.o ABSOLUTE
    _printf_str                              0x00000000   Number         0  stubs.o ABSOLUTE
    _printf_truncate_signed                  0x00000000   Number         0  stubs.o ABSOLUTE
    _printf_truncate_unsigned                0x00000000   Number         0  stubs.o ABSOLUTE
    _printf_u                                0x00000000   Number         0  stubs.o ABSOLUTE
    _printf_wc                               0x00000000   Number         0  stubs.o ABSOLUTE
    _printf_wctomb                           0x00000000   Number         0  stubs.o ABSOLUTE
    _printf_widthprec                        0x00000000   Number         0  stubs.o ABSOLUTE
    _printf_x                                0x00000000   Number         0  stubs.o ABSOLUTE
    __cpp_initialize__aeabi_                  - Undefined Weak Reference
    __cxa_finalize                            - Undefined Weak Reference
    _clock_init                               - Undefined Weak Reference
    _microlib_exit                            - Undefined Weak Reference
    __Vectors_Size                           0x00000194   Number         0  startup_stm32f401xe.o ABSOLUTE
    __Vectors                                0x08000000   Data           4  startup_stm32f401xe.o(RESET)
    __Vectors_End                            0x08000194   Data           0  startup_stm32f401xe.o(RESET)
    __main                                   0x08000195   Thumb Code     0  entry.o(.ARM.Collect$$$$00000000)
    _main_stk                                0x08000195   Thumb Code     0  entry2.o(.ARM.Collect$$$$00000001)
    _main_scatterload                        0x08000199   Thumb Code     0  entry5.o(.ARM.Collect$$$$00000004)
    __main_after_scatterload                 0x0800019d   Thumb Code     0  entry5.o(.ARM.Collect$$$$00000004)
    _main_clock                              0x0800019d   Thumb Code     0  entry7b.o(.ARM.Collect$$$$00000008)
    _main_cpp_init                           0x0800019d   Thumb Code     0  entry8b.o(.ARM.Collect$$$$0000000A)
    _main_init                               0x0800019d   Thumb Code     0  entry9a.o(.ARM.Collect$$$$0000000B)
    __rt_final_cpp                           0x080001a5   Thumb Code     0  entry10a.o(.ARM.Collect$$$$0000000D)
    __rt_final_exit                          0x080001a5   Thumb Code     0  entry11a.o(.ARM.Collect$$$$0000000F)
    Reset_Handler                            0x080001a9   Thumb Code     8  startup_stm32f401xe.o(.text)
    NMI_Handler                              0x080001b1   Thumb Code     2  startup_stm32f401xe.o(.text)
    HardFault_Handler                        0x080001b3   Thumb Code     2  startup_stm32f401xe.o(.text)
    MemManage_Handler                        0x080001b5   Thumb Code     2  startup_stm32f401xe.o(.text)
    BusFault_Handler                         0x080001b7   Thumb Code     2  startup_stm32f401xe.o(.text)
    UsageFault_Handler                       0x080001b9   Thumb Code     2  startup_stm32f401xe.o(.text)
    DebugMon_Handler                         0x080001bd   Thumb Code     2  startup_stm32f401xe.o(.text)
    ADC_IRQHandler                           0x080001c3   Thumb Code     0  startup_stm32f401xe.o(.text)
    DMA1_Stream0_IRQHandler                  0x080001c3   Thumb Code     0  startup_stm32f401xe.o(.text)
    DMA1_Stream1_IRQHandler                  0x080001c3   Thumb Code     0  startup_stm32f401xe.o(.text)
    DMA1_Stream2_IRQHandler                  0x080001c3   Thumb Code     0  startup_stm32f401xe.o(.text)
    DMA1_Stream3_IRQHandler                  0x080001c3   Thumb Code     0  startup_stm32f401xe.o(.text)
    DMA1_Stream4_IRQHandler                  0x080001c3   Thumb Code     0  startup_stm32f401xe.o(.text)
    DMA1_Stream5_IRQHandler                  0x080001c3   Thumb Code     0  startup_stm32f401xe.o(.text)
    DMA1_Stream6_IRQHandler                  0x080001c3   Thumb Code     0  startup_stm32f401xe.o(.text)
    DMA1_Stream7_IRQHandler                  0x080001c3   Thumb Code     0  startup_stm32f401xe.o(.text)
    DMA2_Stream1_IRQHandler                  0x080001c3   Thumb Code     0  startup_stm32f401xe.o(.text)
    DMA2_Stream2_IRQHandler                  0x080001c3   Thumb Code     0  startup_stm32f401xe.o(.text)
    DMA2_Stream3_IRQHandler                  0x080001c3   Thumb Code     0  startup_stm32f401xe.o(.text)
    DMA2_Stream4_IRQHandler                  0x080001c3   Thumb Code     0  startup_stm32f401xe.o(.text)
    DMA2_Stream5_IRQHandler                  0x080001c3   Thumb Code     0  startup_stm32f401xe.o(.text)
    DMA2_Stream6_IRQHandler                  0x080001c3   Thumb Code     0  startup_stm32f401xe.o(.text)
    DMA2_Stream7_IRQHandler                  0x080001c3   Thumb Code     0  startup_stm32f401xe.o(.text)
    EXTI0_IRQHandler                         0x080001c3   Thumb Code     0  startup_stm32f401xe.o(.text)
    EXTI1_IRQHandler                         0x080001c3   Thumb Code     0  startup_stm32f401xe.o(.text)
    EXTI4_IRQHandler                         0x080001c3   Thumb Code     0  startup_stm32f401xe.o(.text)
    FLASH_IRQHandler                         0x080001c3   Thumb Code     0  startup_stm32f401xe.o(.text)
    FPU_IRQHandler                           0x080001c3   Thumb Code     0  startup_stm32f401xe.o(.text)
    I2C1_ER_IRQHandler                       0x080001c3   Thumb Code     0  startup_stm32f401xe.o(.text)
    I2C1_EV_IRQHandler                       0x080001c3   Thumb Code     0  startup_stm32f401xe.o(.text)
    I2C2_ER_IRQHandler                       0x080001c3   Thumb Code     0  startup_stm32f401xe.o(.text)
    I2C2_EV_IRQHandler                       0x080001c3   Thumb Code     0  startup_stm32f401xe.o(.text)
    I2C3_ER_IRQHandler                       0x080001c3   Thumb Code     0  startup_stm32f401xe.o(.text)
    I2C3_EV_IRQHandler                       0x080001c3   Thumb Code     0  startup_stm32f401xe.o(.text)
    OTG_FS_IRQHandler                        0x080001c3   Thumb Code     0  startup_stm32f401xe.o(.text)
    OTG_FS_WKUP_IRQHandler                   0x080001c3   Thumb Code     0  startup_stm32f401xe.o(.text)
    PVD_IRQHandler                           0x080001c3   Thumb Code     0  startup_stm32f401xe.o(.text)
    RTC_Alarm_IRQHandler                     0x080001c3   Thumb Code     0  startup_stm32f401xe.o(.text)
    RTC_WKUP_IRQHandler                      0x080001c3   Thumb Code     0  startup_stm32f401xe.o(.text)
    SDIO_IRQHandler                          0x080001c3   Thumb Code     0  startup_stm32f401xe.o(.text)
    SPI1_IRQHandler                          0x080001c3   Thumb Code     0  startup_stm32f401xe.o(.text)
    SPI2_IRQHandler                          0x080001c3   Thumb Code     0  startup_stm32f401xe.o(.text)
    SPI3_IRQHandler                          0x080001c3   Thumb Code     0  startup_stm32f401xe.o(.text)
    SPI4_IRQHandler                          0x080001c3   Thumb Code     0  startup_stm32f401xe.o(.text)
    TAMP_STAMP_IRQHandler                    0x080001c3   Thumb Code     0  startup_stm32f401xe.o(.text)
    TIM1_BRK_TIM9_IRQHandler                 0x080001c3   Thumb Code     0  startup_stm32f401xe.o(.text)
    TIM1_CC_IRQHandler                       0x080001c3   Thumb Code     0  startup_stm32f401xe.o(.text)
    TIM1_TRG_COM_TIM11_IRQHandler            0x080001c3   Thumb Code     0  startup_stm32f401xe.o(.text)
    TIM1_UP_TIM10_IRQHandler                 0x080001c3   Thumb Code     0  startup_stm32f401xe.o(.text)
    TIM3_IRQHandler                          0x080001c3   Thumb Code     0  startup_stm32f401xe.o(.text)
    TIM4_IRQHandler                          0x080001c3   Thumb Code     0  startup_stm32f401xe.o(.text)
    TIM5_IRQHandler                          0x080001c3   Thumb Code     0  startup_stm32f401xe.o(.text)
    USART1_IRQHandler                        0x080001c3   Thumb Code     0  startup_stm32f401xe.o(.text)
    USART2_IRQHandler                        0x080001c3   Thumb Code     0  startup_stm32f401xe.o(.text)
    WWDG_IRQHandler                          0x080001c3   Thumb Code     0  startup_stm32f401xe.o(.text)
    __aeabi_memcpy                           0x080001cd   Thumb Code    36  memcpya.o(.text)
    __aeabi_memcpy4                          0x080001cd   Thumb Code     0  memcpya.o(.text)
    __aeabi_memcpy8                          0x080001cd   Thumb Code     0  memcpya.o(.text)
    __aeabi_memset                           0x080001f1   Thumb Code    14  memseta.o(.text)
    __aeabi_memset4                          0x080001f1   Thumb Code     0  memseta.o(.text)
    __aeabi_memset8                          0x080001f1   Thumb Code     0  memseta.o(.text)
    __aeabi_memclr                           0x080001ff   Thumb Code     4  memseta.o(.text)
    __aeabi_memclr4                          0x080001ff   Thumb Code     0  memseta.o(.text)
    __aeabi_memclr8                          0x080001ff   Thumb Code     0  memseta.o(.text)
    _memset$wrapper                          0x08000203   Thumb Code    18  memseta.o(.text)
    strcat                                   0x08000215   Thumb Code    24  strcat.o(.text)
    strlen                                   0x0800022d   Thumb Code    14  strlen.o(.text)
    memcmp                                   0x0800023b   Thumb Code    26  memcmp.o(.text)
    strcpy                                   0x08000255   Thumb Code    18  strcpy.o(.text)
    __aeabi_dadd                             0x08000267   Thumb Code   322  dadd.o(.text)
    __aeabi_dsub                             0x080003a9   Thumb Code     6  dadd.o(.text)
    __aeabi_drsub                            0x080003af   Thumb Code     6  dadd.o(.text)
    __aeabi_dmul                             0x080003b5   Thumb Code   228  dmul.o(.text)
    __aeabi_ui2d                             0x08000499   Thumb Code    26  dfltui.o(.text)
    __aeabi_d2uiz                            0x080004b3   Thumb Code    50  dfixui.o(.text)
    __aeabi_uidiv                            0x080004e5   Thumb Code     0  uidiv.o(.text)
    __aeabi_uidivmod                         0x080004e5   Thumb Code    44  uidiv.o(.text)
    __aeabi_llsl                             0x08000511   Thumb Code    30  llshl.o(.text)
    _ll_shift_l                              0x08000511   Thumb Code     0  llshl.o(.text)
    __aeabi_llsr                             0x0800052f   Thumb Code    32  llushr.o(.text)
    _ll_ushift_r                             0x0800052f   Thumb Code     0  llushr.o(.text)
    __aeabi_lasr                             0x0800054f   Thumb Code    36  llsshr.o(.text)
    _ll_sshift_r                             0x0800054f   Thumb Code     0  llsshr.o(.text)
    __I$use$fp                               0x08000573   Thumb Code     0  iusefp.o(.text)
    _double_round                            0x08000573   Thumb Code    30  depilogue.o(.text)
    _double_epilogue                         0x08000591   Thumb Code   156  depilogue.o(.text)
    __scatterload                            0x0800062d   Thumb Code    28  init.o(.text)
    __scatterload_rt2                        0x0800062d   Thumb Code     0  init.o(.text)
    __decompress                             0x08000651   Thumb Code     0  __dclz77c.o(.text)
    __decompress2                            0x08000651   Thumb Code    94  __dclz77c.o(.text)
    CFUN                                     0x0800085d   Thumb Code    46  at.o(i.CFUN)
    CGATT                                    0x0800089d   Thumb Code    46  at.o(i.CGATT)
    CGREG                                    0x080008dd   Thumb Code    46  at.o(i.CGREG)
    CIFSR                                    0x0800091d   Thumb Code    26  at.o(i.CIFSR)
    CIICR                                    0x08000945   Thumb Code    26  at.o(i.CIICR)
    CIPGSMLOC                                0x0800096d   Thumb Code    54  at.o(i.CIPGSMLOC)
    CMGD                                     0x080009bd   Thumb Code    50  at.o(i.CMGD)
    CMGF                                     0x08000a01   Thumb Code    46  at.o(i.CMGF)
    CMGR                                     0x08000a41   Thumb Code    34  at.o(i.CMGR)
    CMGS                                     0x08000a71   Thumb Code    40  at.o(i.CMGS)
    CMTE                                     0x08000aa9   Thumb Code    46  at.o(i.CMTE)
    COPS                                     0x08000ae9   Thumb Code    46  at.o(i.COPS)
    CREG                                     0x08000b29   Thumb Code    46  at.o(i.CREG)
    CSCS                                     0x08000b69   Thumb Code    52  at.o(i.CSCS)
    CSTT2                                    0x08000bb1   Thumb Code    84  at.o(i.CSTT2)
    Cmd_AT                                   0x08000c21   Thumb Code    18  at.o(i.Cmd_AT)
    Cmd_ATA                                  0x08000c3d   Thumb Code    18  at.o(i.Cmd_ATA)
    Cmd_ATE                                  0x08000c59   Thumb Code    26  at.o(i.Cmd_ATE)
    Cmd_ATH                                  0x08000c7d   Thumb Code    18  at.o(i.Cmd_ATH)
    DHT11                                    0x08000c99   Thumb Code    26  dht11.o(i.DHT11)
    DMA2_Stream0_IRQHandler                  0x08000cb9   Thumb Code     6  stm32f4xx_it.o(i.DMA2_Stream0_IRQHandler)
    EXTI15_10_IRQHandler                     0x08000d69   Thumb Code    44  stm32f4xx_it.o(i.EXTI15_10_IRQHandler)
    EXTI2_IRQHandler                         0x08000da1   Thumb Code    52  stm32f4xx_it.o(i.EXTI2_IRQHandler)
    EXTI3_IRQHandler                         0x08000de9   Thumb Code    52  stm32f4xx_it.o(i.EXTI3_IRQHandler)
    EXTI9_5_IRQHandler                       0x08000e31   Thumb Code    48  stm32f4xx_it.o(i.EXTI9_5_IRQHandler)
    HAL_ADC_ConfigChannel                    0x08000e85   Thumb Code   316  stm32f4xx_hal_adc.o(i.HAL_ADC_ConfigChannel)
    HAL_ADC_ConvCpltCallback                 0x08000fd1   Thumb Code     2  stm32f4xx_hal_adc.o(i.HAL_ADC_ConvCpltCallback)
    HAL_ADC_ConvHalfCpltCallback             0x08000fd3   Thumb Code     2  stm32f4xx_hal_adc.o(i.HAL_ADC_ConvHalfCpltCallback)
    HAL_ADC_ErrorCallback                    0x08000fd5   Thumb Code     2  stm32f4xx_hal_adc.o(i.HAL_ADC_ErrorCallback)
    HAL_ADC_Init                             0x08000fd7   Thumb Code    84  stm32f4xx_hal_adc.o(i.HAL_ADC_Init)
    HAL_ADC_MspInit                          0x0800102d   Thumb Code   130  stm32f4xx_hal_msp.o(i.HAL_ADC_MspInit)
    HAL_ADC_Start_DMA                        0x080010e9   Thumb Code   228  stm32f4xx_hal_adc.o(i.HAL_ADC_Start_DMA)
    HAL_DMA_Abort_IT                         0x080011e9   Thumb Code    36  stm32f4xx_hal_dma.o(i.HAL_DMA_Abort_IT)
    HAL_DMA_IRQHandler                       0x0800120d   Thumb Code   414  stm32f4xx_hal_dma.o(i.HAL_DMA_IRQHandler)
    HAL_DMA_Init                             0x080013b5   Thumb Code   206  stm32f4xx_hal_dma.o(i.HAL_DMA_Init)
    HAL_DMA_Start_IT                         0x08001489   Thumb Code   120  stm32f4xx_hal_dma.o(i.HAL_DMA_Start_IT)
    HAL_Delay                                0x08001501   Thumb Code    28  stm32f4xx_hal.o(i.HAL_Delay)
    HAL_GPIO_EXTI_Callback                   0x0800151d   Thumb Code     2  stm32f4xx_hal_gpio.o(i.HAL_GPIO_EXTI_Callback)
    HAL_GPIO_EXTI_IRQHandler                 0x08001521   Thumb Code    18  stm32f4xx_hal_gpio.o(i.HAL_GPIO_EXTI_IRQHandler)
    HAL_GPIO_Init                            0x08001539   Thumb Code   358  stm32f4xx_hal_gpio.o(i.HAL_GPIO_Init)
    HAL_GPIO_ReadPin                         0x080016c1   Thumb Code    10  stm32f4xx_hal_gpio.o(i.HAL_GPIO_ReadPin)
    HAL_GPIO_WritePin                        0x080016cb   Thumb Code    10  stm32f4xx_hal_gpio.o(i.HAL_GPIO_WritePin)
    HAL_GetTick                              0x080016d5   Thumb Code     6  stm32f4xx_hal.o(i.HAL_GetTick)
    HAL_IncTick                              0x080016e1   Thumb Code    10  stm32f4xx_hal.o(i.HAL_IncTick)
    HAL_Init                                 0x080016f1   Thumb Code    48  stm32f4xx_hal.o(i.HAL_Init)
    HAL_InitTick                             0x08001725   Thumb Code    34  stm32f4xx_hal.o(i.HAL_InitTick)
    HAL_MspInit                              0x0800174d   Thumb Code   104  stm32f4xx_hal_msp.o(i.HAL_MspInit)
    HAL_NVIC_EnableIRQ                       0x080017b5   Thumb Code    22  stm32f4xx_hal_cortex.o(i.HAL_NVIC_EnableIRQ)
    HAL_NVIC_SetPriority                     0x080017cd   Thumb Code    60  stm32f4xx_hal_cortex.o(i.HAL_NVIC_SetPriority)
    HAL_NVIC_SetPriorityGrouping             0x0800180d   Thumb Code    26  stm32f4xx_hal_cortex.o(i.HAL_NVIC_SetPriorityGrouping)
    HAL_PWR_EnableBkUpAccess                 0x08001831   Thumb Code    20  stm32f4xx_hal_pwr.o(i.HAL_PWR_EnableBkUpAccess)
    HAL_RCCEx_PeriphCLKConfig                0x08001849   Thumb Code   334  stm32f4xx_hal_rcc_ex.o(i.HAL_RCCEx_PeriphCLKConfig)
    HAL_RCC_ClockConfig                      0x080019b1   Thumb Code   364  stm32f4xx_hal_rcc.o(i.HAL_RCC_ClockConfig)
    HAL_RCC_GetHCLKFreq                      0x08001b2d   Thumb Code     6  stm32f4xx_hal_rcc.o(i.HAL_RCC_GetHCLKFreq)
    HAL_RCC_GetPCLK1Freq                     0x08001b39   Thumb Code    34  stm32f4xx_hal_rcc.o(i.HAL_RCC_GetPCLK1Freq)
    HAL_RCC_GetPCLK2Freq                     0x08001b69   Thumb Code    34  stm32f4xx_hal_rcc.o(i.HAL_RCC_GetPCLK2Freq)
    HAL_RCC_GetSysClockFreq                  0x08001b99   Thumb Code   104  stm32f4xx_hal_rcc.o(i.HAL_RCC_GetSysClockFreq)
    HAL_RCC_OscConfig                        0x08001c09   Thumb Code   770  stm32f4xx_hal_rcc.o(i.HAL_RCC_OscConfig)
    HAL_RTCEx_BKUPRead                       0x08001f1d   Thumb Code    10  stm32f4xx_hal_rtc_ex.o(i.HAL_RTCEx_BKUPRead)
    HAL_RTCEx_BKUPWrite                      0x08001f27   Thumb Code    10  stm32f4xx_hal_rtc_ex.o(i.HAL_RTCEx_BKUPWrite)
    HAL_RTC_GetDate                          0x08001f31   Thumb Code    62  stm32f4xx_hal_rtc.o(i.HAL_RTC_GetDate)
    HAL_RTC_GetTime                          0x08001f75   Thumb Code    82  stm32f4xx_hal_rtc.o(i.HAL_RTC_GetTime)
    HAL_RTC_Init                             0x08001fcd   Thumb Code   150  stm32f4xx_hal_rtc.o(i.HAL_RTC_Init)
    HAL_RTC_MspInit                          0x08002069   Thumb Code    16  stm32f4xx_hal_msp.o(i.HAL_RTC_MspInit)
    HAL_RTC_SetDate                          0x08002081   Thumb Code   204  stm32f4xx_hal_rtc.o(i.HAL_RTC_SetDate)
    HAL_RTC_SetTime                          0x08002151   Thumb Code   236  stm32f4xx_hal_rtc.o(i.HAL_RTC_SetTime)
    HAL_RTC_WaitForSynchro                   0x08002241   Thumb Code    54  stm32f4xx_hal_rtc.o(i.HAL_RTC_WaitForSynchro)
    HAL_SYSTICK_CLKSourceConfig              0x08002277   Thumb Code    24  stm32f4xx_hal_cortex.o(i.HAL_SYSTICK_CLKSourceConfig)
    HAL_SYSTICK_Callback                     0x0800228f   Thumb Code     2  stm32f4xx_hal_cortex.o(i.HAL_SYSTICK_Callback)
    HAL_SYSTICK_Config                       0x08002291   Thumb Code    40  stm32f4xx_hal_cortex.o(i.HAL_SYSTICK_Config)
    HAL_SYSTICK_IRQHandler                   0x080022b9   Thumb Code     8  stm32f4xx_hal_cortex.o(i.HAL_SYSTICK_IRQHandler)
    HAL_TIMEx_BreakCallback                  0x080022c1   Thumb Code     2  stm32f4xx_hal_tim_ex.o(i.HAL_TIMEx_BreakCallback)
    HAL_TIMEx_CommutationCallback            0x080022c3   Thumb Code     2  stm32f4xx_hal_tim_ex.o(i.HAL_TIMEx_CommutationCallback)
    HAL_TIMEx_MasterConfigSynchronization    0x080022c5   Thumb Code    80  stm32f4xx_hal_tim_ex.o(i.HAL_TIMEx_MasterConfigSynchronization)
    HAL_TIM_Base_Init                        0x08002315   Thumb Code    54  stm32f4xx_hal_tim.o(i.HAL_TIM_Base_Init)
    HAL_TIM_Base_MspInit                     0x0800234d   Thumb Code    72  stm32f4xx_hal_msp.o(i.HAL_TIM_Base_MspInit)
    HAL_TIM_Base_Start                       0x0800239d   Thumb Code    26  stm32f4xx_hal_tim.o(i.HAL_TIM_Base_Start)
    HAL_TIM_Base_Start_IT                    0x080023b7   Thumb Code    24  stm32f4xx_hal_tim.o(i.HAL_TIM_Base_Start_IT)
    HAL_TIM_Base_Stop_IT                     0x080023cf   Thumb Code    42  stm32f4xx_hal_tim.o(i.HAL_TIM_Base_Stop_IT)
    HAL_TIM_ConfigClockSource                0x080023f9   Thumb Code   242  stm32f4xx_hal_tim.o(i.HAL_TIM_ConfigClockSource)
    HAL_TIM_IC_CaptureCallback               0x080024eb   Thumb Code     2  stm32f4xx_hal_tim.o(i.HAL_TIM_IC_CaptureCallback)
    HAL_TIM_IRQHandler                       0x080024ed   Thumb Code   358  stm32f4xx_hal_tim.o(i.HAL_TIM_IRQHandler)
    HAL_TIM_OC_DelayElapsedCallback          0x08002653   Thumb Code     2  stm32f4xx_hal_tim.o(i.HAL_TIM_OC_DelayElapsedCallback)
    HAL_TIM_PWM_PulseFinishedCallback        0x08002655   Thumb Code     2  stm32f4xx_hal_tim.o(i.HAL_TIM_PWM_PulseFinishedCallback)
    HAL_TIM_PeriodElapsedCallback            0x08002657   Thumb Code     2  stm32f4xx_hal_tim.o(i.HAL_TIM_PeriodElapsedCallback)
    HAL_TIM_TriggerCallback                  0x08002659   Thumb Code     2  stm32f4xx_hal_tim.o(i.HAL_TIM_TriggerCallback)
    HAL_UART_ErrorCallback                   0x0800265b   Thumb Code     2  stm32f4xx_hal_uart.o(i.HAL_UART_ErrorCallback)
    HAL_UART_IRQHandler                      0x0800265d   Thumb Code   266  stm32f4xx_hal_uart.o(i.HAL_UART_IRQHandler)
    HAL_UART_Init                            0x0800276d   Thumb Code    98  stm32f4xx_hal_uart.o(i.HAL_UART_Init)
    HAL_UART_MspInit                         0x080027d1   Thumb Code    78  stm32f4xx_hal_msp.o(i.HAL_UART_MspInit)
    HAL_UART_Receive_IT                      0x0800282d   Thumb Code    72  stm32f4xx_hal_uart.o(i.HAL_UART_Receive_IT)
    HAL_UART_RxCpltCallback                  0x08002875   Thumb Code   260  fibocom.o(i.HAL_UART_RxCpltCallback)
    HAL_UART_Transmit_IT                     0x08002991   Thumb Code    62  stm32f4xx_hal_uart.o(i.HAL_UART_Transmit_IT)
    HAL_UART_TxCpltCallback                  0x080029cf   Thumb Code     2  stm32f4xx_hal_uart.o(i.HAL_UART_TxCpltCallback)
    IPR                                      0x080029d1   Thumb Code    46  at.o(i.IPR)
    Inicializacion                           0x08002a0d   Thumb Code   780  funcioninicializacion.o(i.Inicializacion)
    LCD_TwoLines                             0x08002d35   Thumb Code    26  stm_my_lcd16x2.o(i.LCD_TwoLines)
    LCD_begin4BIT                            0x08002d55   Thumb Code   122  stm_my_lcd16x2.o(i.LCD_begin4BIT)
    LCD_clear                                0x08002dd9   Thumb Code    24  stm_my_lcd16x2.o(i.LCD_clear)
    LCD_noCursor                             0x08002df1   Thumb Code    26  stm_my_lcd16x2.o(i.LCD_noCursor)
    LCD_setCursor                            0x08002e11   Thumb Code    40  stm_my_lcd16x2.o(i.LCD_setCursor)
    LCD_writeChar                            0x08002e39   Thumb Code    20  stm_my_lcd16x2.o(i.LCD_writeChar)
    MSJ                                      0x08002e4d   Thumb Code    16  at.o(i.MSJ)
    MX_RTC_Init                              0x08003059   Thumb Code   156  main.o(i.MX_RTC_Init)
    Module_Write_str                         0x080031a5   Thumb Code    48  fibocom.o(i.Module_Write_str)
    OneWire_Init                             0x080031fd   Thumb Code     8  main.o(i.OneWire_Init)
    POSTHTTP                                 0x08003205   Thumb Code   470  posthttp.o(i.POSTHTTP)
    PendSV_Handler                           0x08003449   Thumb Code     2  stm32f4xx_it.o(i.PendSV_Handler)
    RCC_IRQHandler                           0x0800344b   Thumb Code     2  stm32f4xx_it.o(i.RCC_IRQHandler)
    RTC_Bcd2ToByte                           0x08003461   Thumb Code    18  stm32f4xx_hal_rtc.o(i.RTC_Bcd2ToByte)
    RTC_ByteToBcd2                           0x08003473   Thumb Code    22  stm32f4xx_hal_rtc.o(i.RTC_ByteToBcd2)
    RTC_EnterInitMode                        0x08003489   Thumb Code    58  stm32f4xx_hal_rtc.o(i.RTC_EnterInitMode)
    ReportTemperature                        0x080034c5   Thumb Code   222  main.o(i.ReportTemperature)
    SAPBR                                    0x080035ad   Thumb Code    54  at.o(i.SAPBR)
    SAPBRCONFG                               0x080035f9   Thumb Code    90  at.o(i.SAPBRCONFG)
    SMSquery                                 0x08003675   Thumb Code  1844  responsesms.o(i.SMSquery)
    SVC_Handler                              0x08003de1   Thumb Code     2  stm32f4xx_it.o(i.SVC_Handler)
    Send                                     0x08003de5   Thumb Code    42  sendmessage.o(i.Send)
    SysTick_Handler                          0x08003ec5   Thumb Code    14  stm32f4xx_it.o(i.SysTick_Handler)
    SystemClock_Config                       0x08003ed5   Thumb Code   174  main.o(i.SystemClock_Config)
    SystemInit                               0x08003f8d   Thumb Code    66  system_stm32f4xx.o(i.SystemInit)
    TIM2_IRQHandler                          0x08003fe1   Thumb Code    88  stm32f4xx_it.o(i.TIM2_IRQHandler)
    TIM_Base_SetConfig                       0x08004051   Thumb Code   114  stm32f4xx_hal_tim.o(i.TIM_Base_SetConfig)
    USART6_IRQHandler                        0x08004515   Thumb Code     6  stm32f4xx_it.o(i.USART6_IRQHandler)
    _Error_Handler                           0x08004521   Thumb Code     2  main.o(i._Error_Handler)
    __0snprintf$6                            0x08004525   Thumb Code    44  printf6.o(i.__0snprintf$6)
    __1snprintf$6                            0x08004525   Thumb Code     0  printf6.o(i.__0snprintf$6)
    __2snprintf                              0x08004525   Thumb Code     0  printf6.o(i.__0snprintf$6)
    __0sprintf$6                             0x08004555   Thumb Code    34  printf6.o(i.__0sprintf$6)
    __1sprintf$6                             0x08004555   Thumb Code     0  printf6.o(i.__0sprintf$6)
    __2sprintf                               0x08004555   Thumb Code     0  printf6.o(i.__0sprintf$6)
    __scatterload_copy                       0x0800457d   Thumb Code    14  handlers.o(i.__scatterload_copy)
    __scatterload_null                       0x0800458b   Thumb Code     2  handlers.o(i.__scatterload_null)
    __scatterload_zeroinit                   0x0800458d   Thumb Code    14  handlers.o(i.__scatterload_zeroinit)
    controlAmbiental                         0x08004901   Thumb Code   262  controlambiental.o(i.controlAmbiental)
    controlHumAmb                            0x08004a25   Thumb Code   196  humamb.o(i.controlHumAmb)
    controlHumComp                           0x08004b15   Thumb Code   166  humcomp.o(i.controlHumComp)
    controlTempAmb                           0x08004bd5   Thumb Code   286  tempamb.o(i.controlTempAmb)
    controlTempComp                          0x08004d3d   Thumb Code   174  tempcomp.o(i.controlTempComp)
    crc8                                     0x08004e05   Thumb Code    44  main.o(i.crc8)
    cultivation                              0x08004e35   Thumb Code   412  ctrlfase.o(i.cultivation)
    dateRTC                                  0x08004fdd   Thumb Code   160  main.o(i.dateRTC)
    delay_us                                 0x08005085   Thumb Code    24  main.o(i.delay_us)
    digitalRead                              0x0800509d   Thumb Code    18  dht11.o(i.digitalRead)
    digitalWrite                             0x080050b5   Thumb Code    16  dht11.o(i.digitalWrite)
    disp_enviar                              0x080050c9   Thumb Code    54  main.o(i.disp_enviar)
    fase                                     0x080050ff   Thumb Code    20  fase.o(i.fase)
    fibocom_bsp_init                         0x08005115   Thumb Code    16  fibocom.o(i.fibocom_bsp_init)
    getHumTemp                               0x0800512d   Thumb Code   452  humtemp.o(i.getHumTemp)
    getLight                                 0x08005391   Thumb Code    30  light.o(i.getLight)
    getSoilHumidity                          0x080053b5   Thumb Code   140  soilhumidity.o(i.getSoilHumidity)
    initGPRS                                 0x08005461   Thumb Code   354  confggprs.o(i.initGPRS)
    initGSM                                  0x08005605   Thumb Code   216  confggsm.o(i.initGSM)
    main                                     0x080056f1   Thumb Code  4600  main.o(i.main)
    micros                                   0x080068ed   Thumb Code     8  main.o(i.micros)
    mnu_HumTemp_periodica                    0x080068f9   Thumb Code   180  menu.o(i.mnu_HumTemp_periodica)
    mnu_SoilHumidity_periodica               0x080069e9   Thumb Code   172  menu.o(i.mnu_SoilHumidity_periodica)
    mnu_cambio_seleccion                     0x08006ac5   Thumb Code    52  menu.o(i.mnu_cambio_seleccion)
    mnu_confirmar_clave                      0x08006afd   Thumb Code    30  menu.o(i.mnu_confirmar_clave)
    mnu_confirmar_guardar_flag               0x08006b41   Thumb Code    30  menu.o(i.mnu_confirmar_guardar_flag)
    mnu_dibujar_elemento_menu                0x08006b85   Thumb Code   264  menu.o(i.mnu_dibujar_elemento_menu)
    mnu_dibujar_flag                         0x08006cad   Thumb Code    98  menu.o(i.mnu_dibujar_flag)
    mnu_dibujar_numero_clave                 0x08006d49   Thumb Code   138  menu.o(i.mnu_dibujar_numero_clave)
    mnu_dummy_function                       0x08006df9   Thumb Code     2  menu.o(i.mnu_dummy_function)
    mnu_dummy_function_ger                   0x08006dfd   Thumb Code    30  menu.o(i.mnu_dummy_function_ger)
    mnu_dummy_function_hum                   0x08006e29   Thumb Code    42  menu.o(i.mnu_dummy_function_hum)
    mnu_dummy_function_indfruct              0x08006e65   Thumb Code    30  menu.o(i.mnu_dummy_function_indfruct)
    mnu_dummy_function_light                 0x08006e91   Thumb Code    46  menu.o(i.mnu_dummy_function_light)
    mnu_dummy_function_no                    0x08006edd   Thumb Code    30  menu.o(i.mnu_dummy_function_no)
    mnu_dummy_function_pfruct                0x08006f09   Thumb Code    30  menu.o(i.mnu_dummy_function_pfruct)
    mnu_dummy_function_plfruct               0x08006f35   Thumb Code    30  menu.o(i.mnu_dummy_function_plfruct)
    mnu_dummy_function_restfruct             0x08006f61   Thumb Code    30  menu.o(i.mnu_dummy_function_restfruct)
    mnu_dummy_function_tank                  0x08006f8d   Thumb Code    46  menu.o(i.mnu_dummy_function_tank)
    mnu_dummy_function_temp                  0x08006fdd   Thumb Code    38  menu.o(i.mnu_dummy_function_temp)
    mnu_efectos_clave                        0x08007015   Thumb Code    12  menu.o(i.mnu_efectos_clave)
    mnu_efectos_fijar_flag                   0x08007029   Thumb Code    14  menu.o(i.mnu_efectos_fijar_flag)
    mnu_efectos_mostrar_msj                  0x0800703d   Thumb Code    24  menu.o(i.mnu_efectos_mostrar_msj)
    mnu_ejecutar_funcion                     0x08007059   Thumb Code    12  menu.o(i.mnu_ejecutar_funcion)
    mnu_ejecutar_funcion_periodica           0x08007069   Thumb Code    12  menu.o(i.mnu_ejecutar_funcion_periodica)
    mnu_eventos_clave                        0x08007079   Thumb Code   166  menu.o(i.mnu_eventos_clave)
    mnu_eventos_confirmar_clave              0x0800712d   Thumb Code    88  menu.o(i.mnu_eventos_confirmar_clave)
    mnu_eventos_confirmar_guardar_flag       0x080071c5   Thumb Code    50  menu.o(i.mnu_eventos_confirmar_guardar_flag)
    mnu_eventos_fijar_flag                   0x08007215   Thumb Code   122  menu.o(i.mnu_eventos_fijar_flag)
    mnu_eventos_mostrar_msj                  0x08007295   Thumb Code    16  menu.o(i.mnu_eventos_mostrar_msj)
    mnu_eventos_submenu                      0x080072a9   Thumb Code    96  menu.o(i.mnu_eventos_submenu)
    mnu_fijar_clave                          0x0800730d   Thumb Code    98  menu.o(i.mnu_fijar_clave)
    mnu_fijar_clave_init                     0x080073ad   Thumb Code    14  menu.o(i.mnu_fijar_clave_init)
    mnu_fijar_flag                           0x080073c1   Thumb Code    50  menu.o(i.mnu_fijar_flag)
    mnu_guardar_flag                         0x08007415   Thumb Code    10  menu.o(i.mnu_guardar_flag)
    mnu_levelTank_periodica                  0x08007439   Thumb Code    68  menu.o(i.mnu_levelTank_periodica)
    mnu_light_periodica                      0x080074c9   Thumb Code    68  menu.o(i.mnu_light_periodica)
    mnu_mostrar_menu                         0x08007559   Thumb Code    54  menu.o(i.mnu_mostrar_menu)
    mnu_mostrar_menu_anterior                0x08007599   Thumb Code    12  menu.o(i.mnu_mostrar_menu_anterior)
    mnu_mostrar_msj                          0x08007605   Thumb Code    38  menu.o(i.mnu_mostrar_msj)
    mnu_procesar_clave                       0x08007639   Thumb Code   112  menu.o(i.mnu_procesar_clave)
    mnu_salir                                0x080076ed   Thumb Code    20  menu.o(i.mnu_salir)
    pinMode                                  0x08007705   Thumb Code    36  dht11.o(i.pinMode)
    read                                     0x0800772d   Thumb Code   152  dht11.o(i.read)
    readByte                                 0x080077c9   Thumb Code    62  dht11.o(i.readByte)
    tempSensor                               0x08007881   Thumb Code   178  tempmcu.o(i.tempSensor)
    timeRTC                                  0x08007975   Thumb Code   118  main.o(i.timeRTC)
    waitFor                                  0x080079f5   Thumb Code    18  dht11.o(i.waitFor)
    waitForT                                 0x08007a0d   Thumb Code    54  dht11.o(i.waitForT)
    AHBPrescTable                            0x08007c40   Data          16  system_stm32f4xx.o(.constdata)
    APBPrescTable                            0x08007c50   Data           8  system_stm32f4xx.o(.constdata)
    Region$$Table$$Base                      0x08007da4   Number         0  anon$$obj.o(Region$$Table)
    Region$$Table$$Limit                     0x08007dc4   Number         0  anon$$obj.o(Region$$Table)
    uwTick                                   0x20000000   Data           4  stm32f4xx_hal.o(.data)
    prv                                      0x20000004   Data           8  dht11.o(.data)
    confirmar                                0x20000034   Data           1  menu.o(.data)
    cambiar_clave                            0x20000037   Data           1  menu.o(.data)
    intento_clave                            0x20000038   Data           1  menu.o(.data)
    CampoAEstablecer                         0x2000003c   Data           4  menu.o(.data)
    MenuActual                               0x20000040   Data           4  menu.o(.data)
    MenuAuxClave                             0x20000044   Data           4  menu.o(.data)
    ElementoSeleccionActual                  0x20000048   Data           4  menu.o(.data)
    LineaElemSeleccion                       0x2000004c   Data           4  menu.o(.data)
    NumeroElemMenuActual                     0x20000050   Data           4  menu.o(.data)
    auxFlag                                  0x20000054   Data           4  menu.o(.data)
    auxFlagValor                             0x20000058   Data           4  menu.o(.data)
    tiempoMensaje                            0x2000005c   Data           4  menu.o(.data)
    menuElemIndex                            0x20000060   Data           4  menu.o(.data)
    FuncionActualEjecucion                   0x20000064   Data           4  menu.o(.data)
    FuncionPeriodica                         0x20000068   Data           4  menu.o(.data)
    MenuPrincipal                            0x2000006c   Data          60  menu.o(.data)
    MenuPrincipal2                           0x200000e8   Data          60  menu.o(.data)
    SubMenu1                                 0x20000124   Data          84  menu.o(.data)
    SubMenu2                                 0x20000178   Data          72  menu.o(.data)
    SubMenu3                                 0x200001c0   Data          96  menu.o(.data)
    faseHumAmbSetPoint                       0x20000220   Data          20  humamb.o(.data)
    faseHumCompSetPoint                      0x20000234   Data          20  humcomp.o(.data)
    faseTemAmbSetPoint                       0x20000248   Data          20  tempamb.o(.data)
    faseTemCompSetPoint                      0x2000025c   Data          20  tempcomp.o(.data)
    ATEnd                                    0x20000274   Data           3  at.o(.data)
    ATBegin                                  0x20000277   Data           4  at.o(.data)
    ctrl                                     0x2000027c   Data           1  funcioninicializacion.o(.data)
    intento                                  0x2000027d   Data           1  funcioninicializacion.o(.data)
    caso                                     0x2000027e   Data           1  confggsm.o(.data)
    retryTimes                               0x2000027f   Data           1  confggsm.o(.data)
    GPRS                                     0x20000280   Data           1  confggprs.o(.data)
    retry                                    0x20000281   Data           1  confggprs.o(.data)
    action                                   0x20000282   Data           1  posthttp.o(.data)
    SystemCoreClock                          0x20000284   Data           4  system_stm32f4xx.o(.data)
    system                                   0x20000288   Data           1  main.o(.data)
    msj                                      0x20000289   Data           1  main.o(.data)
    variable                                 0x2000028a   Data           1  main.o(.data)
    process                                  0x2000028b   Data           1  main.o(.data)
    iTim                                     0x2000028c   Data           1  main.o(.data)
    cntHMI                                   0x2000028d   Data           1  main.o(.data)
    cntHMI2                                  0x2000028e   Data           1  main.o(.data)
    display                                  0x2000028f   Data           1  main.o(.data)
    date                                     0x20000290   Data           1  main.o(.data)
    crcMcu                                   0x20000291   Data           1  main.o(.data)
    crcSensor                                0x20000292   Data           1  main.o(.data)
    state                                    0x20000293   Data           1  main.o(.data)
    msg                                      0x20000294   Data           1  main.o(.data)
    call                                     0x20000295   Data           1  main.o(.data)
    stateData                                0x20000296   Data           1  main.o(.data)
    g_cntData                                0x20000297   Data           1  main.o(.data)
    b_firstRound                             0x20000298   Data           1  main.o(.data)
    setDate                                  0x20000299   Data           1  main.o(.data)
    setMonth                                 0x2000029a   Data           1  main.o(.data)
    humidity1                                0x2000029b   Data           1  main.o(.data)
    humidity2                                0x2000029c   Data           1  main.o(.data)
    temperature1                             0x2000029d   Data           1  main.o(.data)
    temperature2                             0x2000029e   Data           1  main.o(.data)
    tempSensorMCU                            0x200002a0   Data           2  main.o(.data)
    Time                                     0x200002a2   Data           2  main.o(.data)
    cntDate                                  0x200002a4   Data           2  main.o(.data)
    hum1                                     0x200002a6   Data           2  main.o(.data)
    hum2                                     0x200002a8   Data           2  main.o(.data)
    LcdRefreshTime                           0x200002ac   Data           4  main.o(.data)
    Date                                     0x200002b0   Data           4  main.o(.data)
    sDateStructureGet                        0x200002b4   Data           4  main.o(.data)
    buffer                                   0x200002b8   Data           6  main.o(.data)
    timeLCD                                  0x200002be   Data          17  main.o(.data)
    dateLCD                                  0x200002cf   Data          17  main.o(.data)
    temperaturaAmbiental                     0x200002e0   Data          49  main.o(.data)
    humedadAmbiental                         0x20000311   Data          45  main.o(.data)
    temperaturaSustrato                      0x2000033e   Data          52  main.o(.data)
    humedadSustrato                          0x20000372   Data          48  main.o(.data)
    temperaturaSim800                        0x200003a2   Data          50  main.o(.data)
    temperaturaMCU                           0x200003d4   Data          47  main.o(.data)
    msjAllVariables                          0x20000403   Data         237  main.o(.data)
    updtVariables                            0x200004f0   Data         100  main.o(.data)
    V25                                      0x20000554   Data           4  main.o(.data)
    Avg_Slope                                0x20000558   Data           4  main.o(.data)
    sensorOptic                              0x2000055c   Data           1  main.o(.data)
    DHT11_1                                  0x2000055d   Data           1  main.o(.data)
    DHT11_2                                  0x2000055e   Data           1  main.o(.data)
    tempComp1                                0x20000560   Data           2  main.o(.data)
    numeroTelefonicoAlertas                  0x20000562   Data          14  main.o(.data)
    numeroTelefonico                         0x20000570   Data          14  main.o(.data)
    iluminacion                              0x2000057e   Data          53  main.o(.data)
    nivelTanque                              0x200005b3   Data          45  main.o(.data)
    errorMsj                                 0x200005e0   Data          34  main.o(.data)
    alertaTempAlta                           0x20000602   Data          38  main.o(.data)
    alertaTempBaja                           0x20000628   Data          38  main.o(.data)
    alertaHumBaja                            0x2000064e   Data          34  main.o(.data)
    alertaTempMCU                            0x20000670   Data          78  main.o(.data)
    alertaTempMcuHigh                        0x200006be   Data           1  main.o(.data)
    levelTank                                0x200006bf   Data           1  main.o(.data)
    cntAA                                    0x200006c0   Data           1  main.o(.data)
    cntLight                                 0x200006c1   Data           1  main.o(.data)
    cntHum                                   0x200006c2   Data           1  main.o(.data)
    cntHumComp                               0x200006c3   Data           1  main.o(.data)
    temperature11                            0x200006c4   Data           1  main.o(.data)
    alertaHumLow                             0x200006c5   Data           1  main.o(.data)
    alertaTempLow                            0x200006c6   Data           1  main.o(.data)
    alertaTempHigh                           0x200006c7   Data           1  main.o(.data)
    countTemp                                0x200006c8   Data           1  main.o(.data)
    countHum                                 0x200006c9   Data           1  main.o(.data)
    humTotal                                 0x200006ca   Data           2  main.o(.data)
    sPassword                                0x200006cc   Data          64  menu.o(.bss)
    sPassword2                               0x2000070c   Data          64  menu.o(.bss)
    hadc1                                    0x2000074c   Data          72  main.o(.bss)
    hrtc                                     0x20000794   Data          32  main.o(.bss)
    htim2                                    0x200007b4   Data          60  main.o(.bss)
    htim5                                    0x200007f0   Data          60  main.o(.bss)
    huart6                                   0x2000082c   Data          64  main.o(.bss)
    sTimeStructureGet                        0x2000086c   Data          20  main.o(.bss)
    _year                                    0x20000880   Data          15  main.o(.bss)
    _month                                   0x2000088f   Data          15  main.o(.bss)
    _date                                    0x2000089e   Data          15  main.o(.bss)
    _hour                                    0x200008ad   Data          15  main.o(.bss)
    _min                                     0x200008bc   Data          15  main.o(.bss)
    buffRx                                   0x200008cb   Data        2000  main.o(.bss)
    temp                                     0x2000109b   Data          99  main.o(.bss)
    hum                                      0x200010fe   Data          99  main.o(.bss)
    iVariable                                0x20001161   Data           9  main.o(.bss)
    cond                                     0x2000116a   Data           9  main.o(.bss)
    erase                                    0x20001173   Data           9  main.o(.bss)
    hdma_adc1                                0x2000117c   Data          96  main.o(.bss)
    __initial_sp                             0x200015e0   Data           0  startup_stm32f401xe.o(STACK)



==============================================================================

Memory Map of the image

  Image Entry point : 0x08000195

  Load Region LR_IROM1 (Base: 0x08000000, Size: 0x00008490, Max: 0x00080000, ABSOLUTE, COMPRESSED[0x00008098])

    Execution Region ER_IROM1 (Exec base: 0x08000000, Load base: 0x08000000, Size: 0x00007dc4, Max: 0x00080000, ABSOLUTE)

    Exec Addr    Load Addr    Size         Type   Attr      Idx    E Section Name        Object

    0x08000000   0x08000000   0x00000194   Data   RO         4923    RESET               startup_stm32f401xe.o
    0x08000194   0x08000194   0x00000000   Code   RO         4942  * .ARM.Collect$$$$00000000  mc_w.l(entry.o)
    0x08000194   0x08000194   0x00000004   Code   RO         5281    .ARM.Collect$$$$00000001  mc_w.l(entry2.o)
    0x08000198   0x08000198   0x00000004   Code   RO         5284    .ARM.Collect$$$$00000004  mc_w.l(entry5.o)
    0x0800019c   0x0800019c   0x00000000   Code   RO         5286    .ARM.Collect$$$$00000008  mc_w.l(entry7b.o)
    0x0800019c   0x0800019c   0x00000000   Code   RO         5288    .ARM.Collect$$$$0000000A  mc_w.l(entry8b.o)
    0x0800019c   0x0800019c   0x00000008   Code   RO         5289    .ARM.Collect$$$$0000000B  mc_w.l(entry9a.o)
    0x080001a4   0x080001a4   0x00000000   Code   RO         5291    .ARM.Collect$$$$0000000D  mc_w.l(entry10a.o)
    0x080001a4   0x080001a4   0x00000000   Code   RO         5293    .ARM.Collect$$$$0000000F  mc_w.l(entry11a.o)
    0x080001a4   0x080001a4   0x00000004   Code   RO         5282    .ARM.Collect$$$$00002712  mc_w.l(entry2.o)
    0x080001a8   0x080001a8   0x00000024   Code   RO         4924    .text               startup_stm32f401xe.o
    0x080001cc   0x080001cc   0x00000024   Code   RO         4945    .text               mc_w.l(memcpya.o)
    0x080001f0   0x080001f0   0x00000024   Code   RO         4947    .text               mc_w.l(memseta.o)
    0x08000214   0x08000214   0x00000018   Code   RO         4949    .text               mc_w.l(strcat.o)
    0x0800022c   0x0800022c   0x0000000e   Code   RO         4953    .text               mc_w.l(strlen.o)
    0x0800023a   0x0800023a   0x0000001a   Code   RO         4957    .text               mc_w.l(memcmp.o)
    0x08000254   0x08000254   0x00000012   Code   RO         4959    .text               mc_w.l(strcpy.o)
    0x08000266   0x08000266   0x0000014e   Code   RO         5230    .text               mf_w.l(dadd.o)
    0x080003b4   0x080003b4   0x000000e4   Code   RO         5232    .text               mf_w.l(dmul.o)
    0x08000498   0x08000498   0x0000001a   Code   RO         5236    .text               mf_w.l(dfltui.o)
    0x080004b2   0x080004b2   0x00000032   Code   RO         5238    .text               mf_w.l(dfixui.o)
    0x080004e4   0x080004e4   0x0000002c   Code   RO         5298    .text               mc_w.l(uidiv.o)
    0x08000510   0x08000510   0x0000001e   Code   RO         5302    .text               mc_w.l(llshl.o)
    0x0800052e   0x0800052e   0x00000020   Code   RO         5304    .text               mc_w.l(llushr.o)
    0x0800054e   0x0800054e   0x00000024   Code   RO         5306    .text               mc_w.l(llsshr.o)
    0x08000572   0x08000572   0x00000000   Code   RO         5315    .text               mc_w.l(iusefp.o)
    0x08000572   0x08000572   0x000000ba   Code   RO         5318    .text               mf_w.l(depilogue.o)
    0x0800062c   0x0800062c   0x00000024   Code   RO         5330    .text               mc_w.l(init.o)
    0x08000650   0x08000650   0x0000005e   Code   RO         5346    .text               mc_w.l(__dclz77c.o)
    0x080006ae   0x080006ae   0x00000062   Code   RO         1158    i.ADC_DMAConvCplt   stm32f4xx_hal_adc.o
    0x08000710   0x08000710   0x00000016   Code   RO         1159    i.ADC_DMAError      stm32f4xx_hal_adc.o
    0x08000726   0x08000726   0x0000000a   Code   RO         1160    i.ADC_DMAHalfConvCplt  stm32f4xx_hal_adc.o
    0x08000730   0x08000730   0x0000012c   Code   RO         1161    i.ADC_Init          stm32f4xx_hal_adc.o
    0x0800085c   0x0800085c   0x00000040   Code   RO         3892    i.CFUN              at.o
    0x0800089c   0x0800089c   0x00000040   Code   RO         3893    i.CGATT             at.o
    0x080008dc   0x080008dc   0x00000040   Code   RO         3894    i.CGREG             at.o
    0x0800091c   0x0800091c   0x00000028   Code   RO         3896    i.CIFSR             at.o
    0x08000944   0x08000944   0x00000028   Code   RO         3897    i.CIICR             at.o
    0x0800096c   0x0800096c   0x00000050   Code   RO         3898    i.CIPGSMLOC         at.o
    0x080009bc   0x080009bc   0x00000044   Code   RO         3900    i.CMGD              at.o
    0x08000a00   0x08000a00   0x00000040   Code   RO         3901    i.CMGF              at.o
    0x08000a40   0x08000a40   0x00000030   Code   RO         3903    i.CMGR              at.o
    0x08000a70   0x08000a70   0x00000038   Code   RO         3904    i.CMGS              at.o
    0x08000aa8   0x08000aa8   0x00000040   Code   RO         3905    i.CMTE              at.o
    0x08000ae8   0x08000ae8   0x00000040   Code   RO         3906    i.COPS              at.o
    0x08000b28   0x08000b28   0x00000040   Code   RO         3910    i.CREG              at.o
    0x08000b68   0x08000b68   0x00000048   Code   RO         3911    i.CSCS              at.o
    0x08000bb0   0x08000bb0   0x00000070   Code   RO         3915    i.CSTT2             at.o
    0x08000c20   0x08000c20   0x0000001c   Code   RO         3917    i.Cmd_AT            at.o
    0x08000c3c   0x08000c3c   0x0000001c   Code   RO         3918    i.Cmd_ATA           at.o
    0x08000c58   0x08000c58   0x00000024   Code   RO         3919    i.Cmd_ATE           at.o
    0x08000c7c   0x08000c7c   0x0000001c   Code   RO         3920    i.Cmd_ATH           at.o
    0x08000c98   0x08000c98   0x00000020   Code   RO         3011    i.DHT11             dht11.o
    0x08000cb8   0x08000cb8   0x0000000c   Code   RO         4836    i.DMA2_Stream0_IRQHandler  stm32f4xx_it.o
    0x08000cc4   0x08000cc4   0x00000028   Code   RO         2809    i.DMA_CalcBaseAndBitshift  stm32f4xx_hal_dma.o
    0x08000cec   0x08000cec   0x00000054   Code   RO         2810    i.DMA_CheckFifoParam  stm32f4xx_hal_dma.o
    0x08000d40   0x08000d40   0x00000028   Code   RO         2811    i.DMA_SetConfig     stm32f4xx_hal_dma.o
    0x08000d68   0x08000d68   0x00000038   Code   RO         4837    i.EXTI15_10_IRQHandler  stm32f4xx_it.o
    0x08000da0   0x08000da0   0x00000048   Code   RO         4838    i.EXTI2_IRQHandler  stm32f4xx_it.o
    0x08000de8   0x08000de8   0x00000048   Code   RO         4839    i.EXTI3_IRQHandler  stm32f4xx_it.o
    0x08000e30   0x08000e30   0x00000040   Code   RO         4840    i.EXTI9_5_IRQHandler  stm32f4xx_it.o
    0x08000e70   0x08000e70   0x00000014   Code   RO         3092    i.E_pin             stm_my_lcd16x2.o
    0x08000e84   0x08000e84   0x0000014c   Code   RO         1163    i.HAL_ADC_ConfigChannel  stm32f4xx_hal_adc.o
    0x08000fd0   0x08000fd0   0x00000002   Code   RO         1164    i.HAL_ADC_ConvCpltCallback  stm32f4xx_hal_adc.o
    0x08000fd2   0x08000fd2   0x00000002   Code   RO         1165    i.HAL_ADC_ConvHalfCpltCallback  stm32f4xx_hal_adc.o
    0x08000fd4   0x08000fd4   0x00000002   Code   RO         1167    i.HAL_ADC_ErrorCallback  stm32f4xx_hal_adc.o
    0x08000fd6   0x08000fd6   0x00000054   Code   RO         1172    i.HAL_ADC_Init      stm32f4xx_hal_adc.o
    0x0800102a   0x0800102a   0x00000002   PAD
    0x0800102c   0x0800102c   0x000000bc   Code   RO         4764    i.HAL_ADC_MspInit   stm32f4xx_hal_msp.o
    0x080010e8   0x080010e8   0x00000100   Code   RO         1179    i.HAL_ADC_Start_DMA  stm32f4xx_hal_adc.o
    0x080011e8   0x080011e8   0x00000024   Code   RO         2813    i.HAL_DMA_Abort_IT  stm32f4xx_hal_dma.o
    0x0800120c   0x0800120c   0x000001a8   Code   RO         2817    i.HAL_DMA_IRQHandler  stm32f4xx_hal_dma.o
    0x080013b4   0x080013b4   0x000000d4   Code   RO         2818    i.HAL_DMA_Init      stm32f4xx_hal_dma.o
    0x08001488   0x08001488   0x00000078   Code   RO         2822    i.HAL_DMA_Start_IT  stm32f4xx_hal_dma.o
    0x08001500   0x08001500   0x0000001c   Code   RO          279    i.HAL_Delay         stm32f4xx_hal.o
    0x0800151c   0x0800151c   0x00000002   Code   RO         2624    i.HAL_GPIO_EXTI_Callback  stm32f4xx_hal_gpio.o
    0x0800151e   0x0800151e   0x00000002   PAD
    0x08001520   0x08001520   0x00000018   Code   RO         2625    i.HAL_GPIO_EXTI_IRQHandler  stm32f4xx_hal_gpio.o
    0x08001538   0x08001538   0x00000188   Code   RO         2626    i.HAL_GPIO_Init     stm32f4xx_hal_gpio.o
    0x080016c0   0x080016c0   0x0000000a   Code   RO         2628    i.HAL_GPIO_ReadPin  stm32f4xx_hal_gpio.o
    0x080016ca   0x080016ca   0x0000000a   Code   RO         2630    i.HAL_GPIO_WritePin  stm32f4xx_hal_gpio.o
    0x080016d4   0x080016d4   0x0000000c   Code   RO          285    i.HAL_GetTick       stm32f4xx_hal.o
    0x080016e0   0x080016e0   0x00000010   Code   RO          287    i.HAL_IncTick       stm32f4xx_hal.o
    0x080016f0   0x080016f0   0x00000034   Code   RO          288    i.HAL_Init          stm32f4xx_hal.o
    0x08001724   0x08001724   0x00000028   Code   RO          289    i.HAL_InitTick      stm32f4xx_hal.o
    0x0800174c   0x0800174c   0x00000068   Code   RO         4765    i.HAL_MspInit       stm32f4xx_hal_msp.o
    0x080017b4   0x080017b4   0x00000016   Code   RO         2003    i.HAL_NVIC_EnableIRQ  stm32f4xx_hal_cortex.o
    0x080017ca   0x080017ca   0x00000002   PAD
    0x080017cc   0x080017cc   0x00000040   Code   RO         2009    i.HAL_NVIC_SetPriority  stm32f4xx_hal_cortex.o
    0x0800180c   0x0800180c   0x00000024   Code   RO         2010    i.HAL_NVIC_SetPriorityGrouping  stm32f4xx_hal_cortex.o
    0x08001830   0x08001830   0x00000018   Code   RO         2696    i.HAL_PWR_EnableBkUpAccess  stm32f4xx_hal_pwr.o
    0x08001848   0x08001848   0x00000168   Code   RO            6    i.HAL_RCCEx_PeriphCLKConfig  stm32f4xx_hal_rcc_ex.o
    0x080019b0   0x080019b0   0x0000017c   Code   RO         1057    i.HAL_RCC_ClockConfig  stm32f4xx_hal_rcc.o
    0x08001b2c   0x08001b2c   0x0000000c   Code   RO         1062    i.HAL_RCC_GetHCLKFreq  stm32f4xx_hal_rcc.o
    0x08001b38   0x08001b38   0x00000030   Code   RO         1064    i.HAL_RCC_GetPCLK1Freq  stm32f4xx_hal_rcc.o
    0x08001b68   0x08001b68   0x00000030   Code   RO         1065    i.HAL_RCC_GetPCLK2Freq  stm32f4xx_hal_rcc.o
    0x08001b98   0x08001b98   0x00000070   Code   RO         1066    i.HAL_RCC_GetSysClockFreq  stm32f4xx_hal_rcc.o
    0x08001c08   0x08001c08   0x00000314   Code   RO         1069    i.HAL_RCC_OscConfig  stm32f4xx_hal_rcc.o
    0x08001f1c   0x08001f1c   0x0000000a   Code   RO         2259    i.HAL_RTCEx_BKUPRead  stm32f4xx_hal_rtc_ex.o
    0x08001f26   0x08001f26   0x0000000a   Code   RO         2260    i.HAL_RTCEx_BKUPWrite  stm32f4xx_hal_rtc_ex.o
    0x08001f30   0x08001f30   0x00000044   Code   RO         2491    i.HAL_RTC_GetDate   stm32f4xx_hal_rtc.o
    0x08001f74   0x08001f74   0x00000058   Code   RO         2493    i.HAL_RTC_GetTime   stm32f4xx_hal_rtc.o
    0x08001fcc   0x08001fcc   0x0000009c   Code   RO         2494    i.HAL_RTC_Init      stm32f4xx_hal_rtc.o
    0x08002068   0x08002068   0x00000018   Code   RO         4767    i.HAL_RTC_MspInit   stm32f4xx_hal_msp.o
    0x08002080   0x08002080   0x000000d0   Code   RO         2500    i.HAL_RTC_SetDate   stm32f4xx_hal_rtc.o
    0x08002150   0x08002150   0x000000f0   Code   RO         2501    i.HAL_RTC_SetTime   stm32f4xx_hal_rtc.o
    0x08002240   0x08002240   0x00000036   Code   RO         2502    i.HAL_RTC_WaitForSynchro  stm32f4xx_hal_rtc.o
    0x08002276   0x08002276   0x00000018   Code   RO         2012    i.HAL_SYSTICK_CLKSourceConfig  stm32f4xx_hal_cortex.o
    0x0800228e   0x0800228e   0x00000002   Code   RO         2013    i.HAL_SYSTICK_Callback  stm32f4xx_hal_cortex.o
    0x08002290   0x08002290   0x00000028   Code   RO         2014    i.HAL_SYSTICK_Config  stm32f4xx_hal_cortex.o
    0x080022b8   0x080022b8   0x00000008   Code   RO         2015    i.HAL_SYSTICK_IRQHandler  stm32f4xx_hal_cortex.o
    0x080022c0   0x080022c0   0x00000002   Code   RO         1433    i.HAL_TIMEx_BreakCallback  stm32f4xx_hal_tim_ex.o
    0x080022c2   0x080022c2   0x00000002   Code   RO         1434    i.HAL_TIMEx_CommutationCallback  stm32f4xx_hal_tim_ex.o
    0x080022c4   0x080022c4   0x00000050   Code   RO         1450    i.HAL_TIMEx_MasterConfigSynchronization  stm32f4xx_hal_tim_ex.o
    0x08002314   0x08002314   0x00000036   Code   RO          427    i.HAL_TIM_Base_Init  stm32f4xx_hal_tim.o
    0x0800234a   0x0800234a   0x00000002   PAD
    0x0800234c   0x0800234c   0x00000050   Code   RO         4769    i.HAL_TIM_Base_MspInit  stm32f4xx_hal_msp.o
    0x0800239c   0x0800239c   0x0000001a   Code   RO          430    i.HAL_TIM_Base_Start  stm32f4xx_hal_tim.o
    0x080023b6   0x080023b6   0x00000018   Code   RO          432    i.HAL_TIM_Base_Start_IT  stm32f4xx_hal_tim.o
    0x080023ce   0x080023ce   0x0000002a   Code   RO          435    i.HAL_TIM_Base_Stop_IT  stm32f4xx_hal_tim.o
    0x080023f8   0x080023f8   0x000000f2   Code   RO          436    i.HAL_TIM_ConfigClockSource  stm32f4xx_hal_tim.o
    0x080024ea   0x080024ea   0x00000002   Code   RO          456    i.HAL_TIM_IC_CaptureCallback  stm32f4xx_hal_tim.o
    0x080024ec   0x080024ec   0x00000166   Code   RO          469    i.HAL_TIM_IRQHandler  stm32f4xx_hal_tim.o
    0x08002652   0x08002652   0x00000002   Code   RO          472    i.HAL_TIM_OC_DelayElapsedCallback  stm32f4xx_hal_tim.o
    0x08002654   0x08002654   0x00000002   Code   RO          499    i.HAL_TIM_PWM_PulseFinishedCallback  stm32f4xx_hal_tim.o
    0x08002656   0x08002656   0x00000002   Code   RO          506    i.HAL_TIM_PeriodElapsedCallback  stm32f4xx_hal_tim.o
    0x08002658   0x08002658   0x00000002   Code   RO          510    i.HAL_TIM_TriggerCallback  stm32f4xx_hal_tim.o
    0x0800265a   0x0800265a   0x00000002   Code   RO         1693    i.HAL_UART_ErrorCallback  stm32f4xx_hal_uart.o
    0x0800265c   0x0800265c   0x00000110   Code   RO         1696    i.HAL_UART_IRQHandler  stm32f4xx_hal_uart.o
    0x0800276c   0x0800276c   0x00000062   Code   RO         1697    i.HAL_UART_Init     stm32f4xx_hal_uart.o
    0x080027ce   0x080027ce   0x00000002   PAD
    0x080027d0   0x080027d0   0x0000005c   Code   RO         4771    i.HAL_UART_MspInit  stm32f4xx_hal_msp.o
    0x0800282c   0x0800282c   0x00000048   Code   RO         1702    i.HAL_UART_Receive_IT  stm32f4xx_hal_uart.o
    0x08002874   0x08002874   0x0000011c   Code   RO         4239    i.HAL_UART_RxCpltCallback  fibocom.o
    0x08002990   0x08002990   0x0000003e   Code   RO         1707    i.HAL_UART_Transmit_IT  stm32f4xx_hal_uart.o
    0x080029ce   0x080029ce   0x00000002   Code   RO         1708    i.HAL_UART_TxCpltCallback  stm32f4xx_hal_uart.o
    0x080029d0   0x080029d0   0x0000003c   Code   RO         3930    i.IPR               at.o
    0x08002a0c   0x08002a0c   0x00000328   Code   RO         4314    i.Inicializacion    funcioninicializacion.o
    0x08002d34   0x08002d34   0x00000020   Code   RO         3094    i.LCD_TwoLines      stm_my_lcd16x2.o
    0x08002d54   0x08002d54   0x00000084   Code   RO         3095    i.LCD_begin4BIT     stm_my_lcd16x2.o
    0x08002dd8   0x08002dd8   0x00000018   Code   RO         3098    i.LCD_clear         stm_my_lcd16x2.o
    0x08002df0   0x08002df0   0x00000020   Code   RO         3104    i.LCD_noCursor      stm_my_lcd16x2.o
    0x08002e10   0x08002e10   0x00000028   Code   RO         3107    i.LCD_setCursor     stm_my_lcd16x2.o
    0x08002e38   0x08002e38   0x00000014   Code   RO         3110    i.LCD_writeChar     stm_my_lcd16x2.o
    0x08002e4c   0x08002e4c   0x00000014   Code   RO         3937    i.MSJ               at.o
    0x08002e60   0x08002e60   0x000000b4   Code   RO         4566    i.MX_ADC1_Init      main.o
    0x08002f14   0x08002f14   0x00000144   Code   RO         4567    i.MX_GPIO_Init      main.o
    0x08003058   0x08003058   0x000000a8   Code   RO         4568    i.MX_RTC_Init       main.o
    0x08003100   0x08003100   0x00000054   Code   RO         4569    i.MX_TIM2_Init      main.o
    0x08003154   0x08003154   0x00000050   Code   RO         4570    i.MX_TIM5_Init      main.o
    0x080031a4   0x080031a4   0x00000038   Code   RO         4241    i.Module_Write_str  fibocom.o
    0x080031dc   0x080031dc   0x00000020   Code   RO         2016    i.NVIC_SetPriority  stm32f4xx_hal_cortex.o
    0x080031fc   0x080031fc   0x00000008   Code   RO         4571    i.OneWire_Init      main.o
    0x08003204   0x08003204   0x00000244   Code   RO         4497    i.POSTHTTP          posthttp.o
    0x08003448   0x08003448   0x00000002   Code   RO         4841    i.PendSV_Handler    stm32f4xx_it.o
    0x0800344a   0x0800344a   0x00000002   Code   RO         4842    i.RCC_IRQHandler    stm32f4xx_it.o
    0x0800344c   0x0800344c   0x00000014   Code   RO         3111    i.RS_pin            stm_my_lcd16x2.o
    0x08003460   0x08003460   0x00000012   Code   RO         2503    i.RTC_Bcd2ToByte    stm32f4xx_hal_rtc.o
    0x08003472   0x08003472   0x00000016   Code   RO         2504    i.RTC_ByteToBcd2    stm32f4xx_hal_rtc.o
    0x08003488   0x08003488   0x0000003a   Code   RO         2505    i.RTC_EnterInitMode  stm32f4xx_hal_rtc.o
    0x080034c2   0x080034c2   0x00000002   PAD
    0x080034c4   0x080034c4   0x000000e8   Code   RO         4572    i.ReportTemperature  main.o
    0x080035ac   0x080035ac   0x0000004c   Code   RO         3939    i.SAPBR             at.o
    0x080035f8   0x080035f8   0x0000007c   Code   RO         3940    i.SAPBRCONFG        at.o
    0x08003674   0x08003674   0x0000076c   Code   RO         4410    i.SMSquery          responsesms.o
    0x08003de0   0x08003de0   0x00000002   Code   RO         4843    i.SVC_Handler       stm32f4xx_it.o
    0x08003de2   0x08003de2   0x00000002   PAD
    0x08003de4   0x08003de4   0x00000030   Code   RO         4438    i.Send              sendmessage.o
    0x08003e14   0x08003e14   0x0000005c   Code   RO         4573    i.SendByte          main.o
    0x08003e70   0x08003e70   0x00000054   Code   RO         4574    i.SendInitialization  main.o
    0x08003ec4   0x08003ec4   0x0000000e   Code   RO         4844    i.SysTick_Handler   stm32f4xx_it.o
    0x08003ed2   0x08003ed2   0x00000002   PAD
    0x08003ed4   0x08003ed4   0x000000b8   Code   RO         4575    i.SystemClock_Config  main.o
    0x08003f8c   0x08003f8c   0x00000054   Code   RO         4529    i.SystemInit        system_stm32f4xx.o
    0x08003fe0   0x08003fe0   0x00000070   Code   RO         4845    i.TIM2_IRQHandler   stm32f4xx_it.o
    0x08004050   0x08004050   0x00000090   Code   RO          511    i.TIM_Base_SetConfig  stm32f4xx_hal_tim.o
    0x080040e0   0x080040e0   0x00000014   Code   RO          518    i.TIM_ETR_SetConfig  stm32f4xx_hal_tim.o
    0x080040f4   0x080040f4   0x00000010   Code   RO          519    i.TIM_ITRx_SetConfig  stm32f4xx_hal_tim.o
    0x08004104   0x08004104   0x00000022   Code   RO          525    i.TIM_TI1_ConfigInputStage  stm32f4xx_hal_tim.o
    0x08004126   0x08004126   0x00000024   Code   RO          527    i.TIM_TI2_ConfigInputStage  stm32f4xx_hal_tim.o
    0x0800414a   0x0800414a   0x00000010   Code   RO         1710    i.UART_DMAAbortOnError  stm32f4xx_hal_uart.o
    0x0800415a   0x0800415a   0x0000001c   Code   RO         1720    i.UART_EndRxTransfer  stm32f4xx_hal_uart.o
    0x08004176   0x08004176   0x0000008c   Code   RO         1722    i.UART_Receive_IT   stm32f4xx_hal_uart.o
    0x08004202   0x08004202   0x00000002   PAD
    0x08004204   0x08004204   0x000002ac   Code   RO         1723    i.UART_SetConfig    stm32f4xx_hal_uart.o
    0x080044b0   0x080044b0   0x00000062   Code   RO         1724    i.UART_Transmit_IT  stm32f4xx_hal_uart.o
    0x08004512   0x08004512   0x00000002   PAD
    0x08004514   0x08004514   0x0000000c   Code   RO         4846    i.USART6_IRQHandler  stm32f4xx_it.o
    0x08004520   0x08004520   0x00000002   Code   RO         4576    i._Error_Handler    main.o
    0x08004522   0x08004522   0x00000002   PAD
    0x08004524   0x08004524   0x00000030   Code   RO         5125    i.__0snprintf$6     mc_w.l(printf6.o)
    0x08004554   0x08004554   0x00000028   Code   RO         5126    i.__0sprintf$6      mc_w.l(printf6.o)
    0x0800457c   0x0800457c   0x0000000e   Code   RO         5340    i.__scatterload_copy  mc_w.l(handlers.o)
    0x0800458a   0x0800458a   0x00000002   Code   RO         5341    i.__scatterload_null  mc_w.l(handlers.o)
    0x0800458c   0x0800458c   0x0000000e   Code   RO         5342    i.__scatterload_zeroinit  mc_w.l(handlers.o)
    0x0800459a   0x0800459a   0x00000002   PAD
    0x0800459c   0x0800459c   0x000002f0   Code   RO         5131    i._printf_core      mc_w.l(printf6.o)
    0x0800488c   0x0800488c   0x00000024   Code   RO         5132    i._printf_post_padding  mc_w.l(printf6.o)
    0x080048b0   0x080048b0   0x0000002e   Code   RO         5133    i._printf_pre_padding  mc_w.l(printf6.o)
    0x080048de   0x080048de   0x00000016   Code   RO         5134    i._snputc           mc_w.l(printf6.o)
    0x080048f4   0x080048f4   0x0000000a   Code   RO         5135    i._sputc            mc_w.l(printf6.o)
    0x080048fe   0x080048fe   0x00000002   PAD
    0x08004900   0x08004900   0x00000124   Code   RO         3591    i.controlAmbiental  controlambiental.o
    0x08004a24   0x08004a24   0x000000f0   Code   RO         3646    i.controlHumAmb     humamb.o
    0x08004b14   0x08004b14   0x000000c0   Code   RO         3684    i.controlHumComp    humcomp.o
    0x08004bd4   0x08004bd4   0x00000168   Code   RO         3793    i.controlTempAmb    tempamb.o
    0x08004d3c   0x08004d3c   0x000000c8   Code   RO         3820    i.controlTempComp   tempcomp.o
    0x08004e04   0x08004e04   0x00000030   Code   RO         4577    i.crc8              main.o
    0x08004e34   0x08004e34   0x000001a8   Code   RO         3848    i.cultivation       ctrlfase.o
    0x08004fdc   0x08004fdc   0x000000a8   Code   RO         4578    i.dateRTC           main.o
    0x08005084   0x08005084   0x00000018   Code   RO         4579    i.delay_us          main.o
    0x0800509c   0x0800509c   0x00000018   Code   RO         3012    i.digitalRead       dht11.o
    0x080050b4   0x080050b4   0x00000014   Code   RO         3013    i.digitalWrite      dht11.o
    0x080050c8   0x080050c8   0x00000036   Code   RO         4580    i.disp_enviar       main.o
    0x080050fe   0x080050fe   0x00000014   Code   RO         3631    i.fase              fase.o
    0x08005112   0x08005112   0x00000002   PAD
    0x08005114   0x08005114   0x00000018   Code   RO         4243    i.fibocom_bsp_init  fibocom.o
    0x0800512c   0x0800512c   0x00000264   Code   RO         3711    i.getHumTemp        humtemp.o
    0x08005390   0x08005390   0x00000024   Code   RO         3735    i.getLight          light.o
    0x080053b4   0x080053b4   0x000000ac   Code   RO         3764    i.getSoilHumidity   soilhumidity.o
    0x08005460   0x08005460   0x000001a4   Code   RO         4379    i.initGPRS          confggprs.o
    0x08005604   0x08005604   0x000000ec   Code   RO         4348    i.initGSM           confggsm.o
    0x080056f0   0x080056f0   0x000011fc   Code   RO         4581    i.main              main.o
    0x080068ec   0x080068ec   0x0000000c   Code   RO         4582    i.micros            main.o
    0x080068f8   0x080068f8   0x000000f0   Code   RO         3264    i.mnu_HumTemp_periodica  menu.o
    0x080069e8   0x080069e8   0x000000dc   Code   RO         3265    i.mnu_SoilHumidity_periodica  menu.o
    0x08006ac4   0x08006ac4   0x00000038   Code   RO         3266    i.mnu_cambio_seleccion  menu.o
    0x08006afc   0x08006afc   0x00000044   Code   RO         3267    i.mnu_confirmar_clave  menu.o
    0x08006b40   0x08006b40   0x00000044   Code   RO         3268    i.mnu_confirmar_guardar_flag  menu.o
    0x08006b84   0x08006b84   0x00000128   Code   RO         3269    i.mnu_dibujar_elemento_menu  menu.o
    0x08006cac   0x08006cac   0x0000009c   Code   RO         3270    i.mnu_dibujar_flag  menu.o
    0x08006d48   0x08006d48   0x000000b0   Code   RO         3271    i.mnu_dibujar_numero_clave  menu.o
    0x08006df8   0x08006df8   0x00000002   Code   RO         3272    i.mnu_dummy_function  menu.o
    0x08006dfa   0x08006dfa   0x00000002   PAD
    0x08006dfc   0x08006dfc   0x0000002c   Code   RO         3273    i.mnu_dummy_function_ger  menu.o
    0x08006e28   0x08006e28   0x0000003c   Code   RO         3274    i.mnu_dummy_function_hum  menu.o
    0x08006e64   0x08006e64   0x0000002c   Code   RO         3275    i.mnu_dummy_function_indfruct  menu.o
    0x08006e90   0x08006e90   0x0000004c   Code   RO         3276    i.mnu_dummy_function_light  menu.o
    0x08006edc   0x08006edc   0x0000002c   Code   RO         3277    i.mnu_dummy_function_no  menu.o
    0x08006f08   0x08006f08   0x0000002c   Code   RO         3278    i.mnu_dummy_function_pfruct  menu.o
    0x08006f34   0x08006f34   0x0000002c   Code   RO         3279    i.mnu_dummy_function_plfruct  menu.o
    0x08006f60   0x08006f60   0x0000002c   Code   RO         3280    i.mnu_dummy_function_restfruct  menu.o
    0x08006f8c   0x08006f8c   0x00000050   Code   RO         3281    i.mnu_dummy_function_tank  menu.o
    0x08006fdc   0x08006fdc   0x00000038   Code   RO         3282    i.mnu_dummy_function_temp  menu.o
    0x08007014   0x08007014   0x00000014   Code   RO         3283    i.mnu_efectos_clave  menu.o
    0x08007028   0x08007028   0x00000014   Code   RO         3285    i.mnu_efectos_fijar_flag  menu.o
    0x0800703c   0x0800703c   0x0000001c   Code   RO         3286    i.mnu_efectos_mostrar_msj  menu.o
    0x08007058   0x08007058   0x00000010   Code   RO         3287    i.mnu_ejecutar_funcion  menu.o
    0x08007068   0x08007068   0x00000010   Code   RO         3288    i.mnu_ejecutar_funcion_periodica  menu.o
    0x08007078   0x08007078   0x000000b4   Code   RO         3291    i.mnu_eventos_clave  menu.o
    0x0800712c   0x0800712c   0x00000098   Code   RO         3292    i.mnu_eventos_confirmar_clave  menu.o
    0x080071c4   0x080071c4   0x00000050   Code   RO         3293    i.mnu_eventos_confirmar_guardar_flag  menu.o
    0x08007214   0x08007214   0x00000080   Code   RO         3294    i.mnu_eventos_fijar_flag  menu.o
    0x08007294   0x08007294   0x00000014   Code   RO         3295    i.mnu_eventos_mostrar_msj  menu.o
    0x080072a8   0x080072a8   0x00000064   Code   RO         3296    i.mnu_eventos_submenu  menu.o
    0x0800730c   0x0800730c   0x000000a0   Code   RO         3297    i.mnu_fijar_clave   menu.o
    0x080073ac   0x080073ac   0x00000014   Code   RO         3298    i.mnu_fijar_clave_init  menu.o
    0x080073c0   0x080073c0   0x00000054   Code   RO         3299    i.mnu_fijar_flag    menu.o
    0x08007414   0x08007414   0x00000024   Code   RO         3300    i.mnu_guardar_flag  menu.o
    0x08007438   0x08007438   0x00000090   Code   RO         3301    i.mnu_levelTank_periodica  menu.o
    0x080074c8   0x080074c8   0x00000090   Code   RO         3302    i.mnu_light_periodica  menu.o
    0x08007558   0x08007558   0x00000040   Code   RO         3303    i.mnu_mostrar_menu  menu.o
    0x08007598   0x08007598   0x00000010   Code   RO         3304    i.mnu_mostrar_menu_anterior  menu.o
    0x080075a8   0x080075a8   0x0000005c   Code   RO         3305    i.mnu_mostrar_menu_pass  menu.o
    0x08007604   0x08007604   0x00000034   Code   RO         3306    i.mnu_mostrar_msj   menu.o
    0x08007638   0x08007638   0x000000b4   Code   RO         3307    i.mnu_procesar_clave  menu.o
    0x080076ec   0x080076ec   0x00000018   Code   RO         3308    i.mnu_salir         menu.o
    0x08007704   0x08007704   0x00000028   Code   RO         3016    i.pinMode           dht11.o
    0x0800772c   0x0800772c   0x0000009c   Code   RO         3017    i.read              dht11.o
    0x080077c8   0x080077c8   0x00000044   Code   RO         3018    i.readByte          dht11.o
    0x0800780c   0x0800780c   0x00000028   Code   RO         3113    i.setDataLength     stm_my_lcd16x2.o
    0x08007834   0x08007834   0x0000004a   Code   RO         3114    i.switchMode        stm_my_lcd16x2.o
    0x0800787e   0x0800787e   0x00000002   PAD
    0x08007880   0x08007880   0x000000f4   Code   RO         3867    i.tempSensor        tempmcu.o
    0x08007974   0x08007974   0x00000080   Code   RO         4583    i.timeRTC           main.o
    0x080079f4   0x080079f4   0x00000018   Code   RO         3019    i.waitFor           dht11.o
    0x08007a0c   0x08007a0c   0x0000003c   Code   RO         3020    i.waitForT          dht11.o
    0x08007a48   0x08007a48   0x000001f0   Code   RO         3115    i.writeCommand      stm_my_lcd16x2.o
    0x08007c38   0x08007c38   0x00000008   Data   RO         2824    .constdata          stm32f4xx_hal_dma.o
    0x08007c40   0x08007c40   0x00000010   Data   RO         4530    .constdata          system_stm32f4xx.o
    0x08007c50   0x08007c50   0x00000008   Data   RO         4531    .constdata          system_stm32f4xx.o
    0x08007c58   0x08007c58   0x00000039   Data   RO         3310    .conststring        menu.o
    0x08007c91   0x08007c91   0x00000003   PAD
    0x08007c94   0x08007c94   0x00000038   Data   RO         3311    .conststring        menu.o
    0x08007ccc   0x08007ccc   0x00000049   Data   RO         3312    .conststring        menu.o
    0x08007d15   0x08007d15   0x00000003   PAD
    0x08007d18   0x08007d18   0x0000002c   Data   RO         3313    .conststring        menu.o
    0x08007d44   0x08007d44   0x0000005d   Data   RO         3314    .conststring        menu.o
    0x08007da1   0x08007da1   0x00000003   PAD
    0x08007da4   0x08007da4   0x00000020   Data   RO         5338    Region$$Table       anon$$obj.o


    Execution Region RW_IRAM1 (Exec base: 0x20000000, Load base: 0x08007dc4, Size: 0x000015e0, Max: 0x00018000, ABSOLUTE, COMPRESSED[0x000002d4])

    Exec Addr    Load Addr    Size         Type   Attr      Idx    E Section Name        Object

    0x20000000   COMPRESSED   0x00000004   Data   RW          294    .data               stm32f4xx_hal.o
    0x20000004   COMPRESSED   0x00000008   Data   RW         3021    .data               dht11.o
    0x2000000c   COMPRESSED   0x00000028   Data   RW         3116    .data               stm_my_lcd16x2.o
    0x20000034   COMPRESSED   0x000000b4   Data   RW         3315    .data               menu.o
    0x200000e8   COMPRESSED   0x0000003c   Data   RW         3316    .data               menu.o
    0x20000124   COMPRESSED   0x00000054   Data   RW         3317    .data               menu.o
    0x20000178   COMPRESSED   0x00000048   Data   RW         3318    .data               menu.o
    0x200001c0   COMPRESSED   0x00000060   Data   RW         3319    .data               menu.o
    0x20000220   COMPRESSED   0x00000014   Data   RW         3647    .data               humamb.o
    0x20000234   COMPRESSED   0x00000014   Data   RW         3685    .data               humcomp.o
    0x20000248   COMPRESSED   0x00000014   Data   RW         3794    .data               tempamb.o
    0x2000025c   COMPRESSED   0x00000014   Data   RW         3821    .data               tempcomp.o
    0x20000270   COMPRESSED   0x0000000b   Data   RW         3944    .data               at.o
    0x2000027b   COMPRESSED   0x00000001   Data   RW         4248    .data               fibocom.o
    0x2000027c   COMPRESSED   0x00000002   Data   RW         4315    .data               funcioninicializacion.o
    0x2000027e   COMPRESSED   0x00000002   Data   RW         4349    .data               confggsm.o
    0x20000280   COMPRESSED   0x00000002   Data   RW         4380    .data               confggprs.o
    0x20000282   COMPRESSED   0x00000001   Data   RW         4498    .data               posthttp.o
    0x20000283   COMPRESSED   0x00000001   PAD
    0x20000284   COMPRESSED   0x00000004   Data   RW         4532    .data               system_stm32f4xx.o
    0x20000288   COMPRESSED   0x000002cc   Data   RW         4588    .data               main.o
    0x20000554   COMPRESSED   0x00000004   Data   RW         4589    .data               main.o
    0x20000558   COMPRESSED   0x00000004   Data   RW         4590    .data               main.o
    0x2000055c   COMPRESSED   0x00000001   Data   RW         4594    .data               main.o
    0x2000055d   COMPRESSED   0x00000001   Data   RW         4595    .data               main.o
    0x2000055e   COMPRESSED   0x00000001   Data   RW         4596    .data               main.o
    0x2000055f   COMPRESSED   0x00000001   PAD
    0x20000560   COMPRESSED   0x00000002   Data   RW         4597    .data               main.o
    0x20000562   COMPRESSED   0x0000000e   Data   RW         4599    .data               main.o
    0x20000570   COMPRESSED   0x0000000e   Data   RW         4600    .data               main.o
    0x2000057e   COMPRESSED   0x00000035   Data   RW         4601    .data               main.o
    0x200005b3   COMPRESSED   0x0000002d   Data   RW         4602    .data               main.o
    0x200005e0   COMPRESSED   0x00000022   Data   RW         4603    .data               main.o
    0x20000602   COMPRESSED   0x00000026   Data   RW         4604    .data               main.o
    0x20000628   COMPRESSED   0x00000026   Data   RW         4605    .data               main.o
    0x2000064e   COMPRESSED   0x00000022   Data   RW         4606    .data               main.o
    0x20000670   COMPRESSED   0x0000004e   Data   RW         4607    .data               main.o
    0x200006be   COMPRESSED   0x00000001   Data   RW         4608    .data               main.o
    0x200006bf   COMPRESSED   0x00000001   Data   RW         4609    .data               main.o
    0x200006c0   COMPRESSED   0x00000001   Data   RW         4610    .data               main.o
    0x200006c1   COMPRESSED   0x00000001   Data   RW         4611    .data               main.o
    0x200006c2   COMPRESSED   0x00000001   Data   RW         4612    .data               main.o
    0x200006c3   COMPRESSED   0x00000001   Data   RW         4613    .data               main.o
    0x200006c4   COMPRESSED   0x00000001   Data   RW         4614    .data               main.o
    0x200006c5   COMPRESSED   0x00000001   Data   RW         4615    .data               main.o
    0x200006c6   COMPRESSED   0x00000001   Data   RW         4616    .data               main.o
    0x200006c7   COMPRESSED   0x00000001   Data   RW         4617    .data               main.o
    0x200006c8   COMPRESSED   0x00000001   Data   RW         4618    .data               main.o
    0x200006c9   COMPRESSED   0x00000001   Data   RW         4619    .data               main.o
    0x200006ca   COMPRESSED   0x00000002   Data   RW         4620    .data               main.o
    0x200006cc        -       0x00000080   Zero   RW         3309    .bss                menu.o
    0x2000074c        -       0x00000a30   Zero   RW         4584    .bss                main.o
    0x2000117c        -       0x00000060   Zero   RW         4585    .bss                main.o
    0x200011dc   COMPRESSED   0x00000004   PAD
    0x200011e0        -       0x00000400   Zero   RW         4921    STACK               startup_stm32f401xe.o


==============================================================================

Image component sizes


      Code (inc. data)   RO Data    RW Data    ZI Data      Debug   Object Name

      1364        390          0         11          0      15047   at.o
       420         72          0          2          0       1789   confggprs.o
       236         20          0          2          0       1621   confggsm.o
       292         30          0          0          0        767   controlambiental.o
       424         18          0          0          0       1298   ctrlfase.o
       424         42          0          8          0       6214   dht11.o
        20          0          0          0          0        539   fase.o
       364         40          0          1          0       3322   fibocom.o
       808         36          0          2          0       2373   funcioninicializacion.o
       240         44          0         20          0       1901   humamb.o
       192         26          0         20          0       1459   humcomp.o
       612        160          0          0          0        985   humtemp.o
        36          6          0          0          0        667   light.o
      6476        418          0       1091       2704      21561   main.o
      3594       1064        323        492        128      31296   menu.o
       580        116          0          1          0       2224   posthttp.o
      1900         92          0          0          0       2703   responsesms.o
        48          6          0          0          0        643   sendmessage.o
       172         32          0          0          0        762   soilhumidity.o
        36          8        404          0       1024        832   startup_stm32f401xe.o
       148         22          0          4          0       4619   stm32f4xx_hal.o
      1108         52          0          0          0       7657   stm32f4xx_hal_adc.o
       228         14          0          0          0      32397   stm32f4xx_hal_cortex.o
       956         22          8          0          0       6702   stm32f4xx_hal_dma.o
       438         40          0          0          0       4403   stm32f4xx_hal_gpio.o
       488         88          0          0          0       3664   stm32f4xx_hal_msp.o
        24          4          0          0          0        575   stm32f4xx_hal_pwr.o
      1388         76          0          0          0       5852   stm32f4xx_hal_rcc.o
       360         26          0          0          0     442840   stm32f4xx_hal_rcc_ex.o
       912         26          0          0          0       7760   stm32f4xx_hal_rtc.o
        20          0          0          0          0       1807   stm32f4xx_hal_rtc_ex.o
      1006         30          0          0          0      12083   stm32f4xx_hal_tim.o
        84          0          0          0          0       2526   stm32f4xx_hal_tim_ex.o
      1474         14          0          0          0       8818   stm32f4xx_hal_uart.o
       420        104          0          0          0       5956   stm32f4xx_it.o
       930         38          0         40          0       8066   stm_my_lcd16x2.o
        84         18         24          4          0       1243   system_stm32f4xx.o
       360         74          0         20          0       1398   tempamb.o
       200         26          0         20          0       1420   tempcomp.o
       244         66          0          0          0        633   tempmcu.o

    ----------------------------------------------------------------------
     29138       3360        800       1740       3860     658422   Object Totals
         0          0         32          0          0          0   (incl. Generated)
        28          0          9          2          4          0   (incl. Padding)

    ----------------------------------------------------------------------

      Code (inc. data)   RO Data    RW Data    ZI Data      Debug   Library Member Name

        94          0          0          0          0          0   __dclz77c.o
         0          0          0          0          0          0   entry.o
         0          0          0          0          0          0   entry10a.o
         0          0          0          0          0          0   entry11a.o
         8          4          0          0          0          0   entry2.o
         4          0          0          0          0          0   entry5.o
         0          0          0          0          0          0   entry7b.o
         0          0          0          0          0          0   entry8b.o
         8          4          0          0          0          0   entry9a.o
        30          0          0          0          0          0   handlers.o
        36          8          0          0          0         68   init.o
         0          0          0          0          0          0   iusefp.o
        30          0          0          0          0         68   llshl.o
        36          0          0          0          0         68   llsshr.o
        32          0          0          0          0         68   llushr.o
        26          0          0          0          0         80   memcmp.o
        36          0          0          0          0         68   memcpya.o
        36          0          0          0          0        108   memseta.o
       954         14          0          0          0        572   printf6.o
        24          0          0          0          0         68   strcat.o
        18          0          0          0          0         68   strcpy.o
        14          0          0          0          0         68   strlen.o
        44          0          0          0          0         80   uidiv.o
       334          0          0          0          0        148   dadd.o
       186          0          0          0          0        176   depilogue.o
        50          0          0          0          0         76   dfixui.o
        26          0          0          0          0         76   dfltui.o
       228          0          0          0          0         96   dmul.o

    ----------------------------------------------------------------------
      2258         30          0          0          0       1956   Library Totals
         4          0          0          0          0          0   (incl. Padding)

    ----------------------------------------------------------------------

      Code (inc. data)   RO Data    RW Data    ZI Data      Debug   Library Name

      1430         30          0          0          0       1384   mc_w.l
       824          0          0          0          0        572   mf_w.l

    ----------------------------------------------------------------------
      2258         30          0          0          0       1956   Library Totals

    ----------------------------------------------------------------------

==============================================================================


      Code (inc. data)   RO Data    RW Data    ZI Data      Debug   

     31396       3390        800       1740       3860     638122   Grand Totals
     31396       3390        800        724       3860     638122   ELF Image Totals (compressed)
     31396       3390        800        724          0          0   ROM Totals

==============================================================================

    Total RO  Size (Code + RO Data)                32196 (  31.44kB)
    Total RW  Size (RW Data + ZI Data)              5600 (   5.47kB)
    Total ROM Size (Code + RO Data + RW Data)      32920 (  32.15kB)

==============================================================================

