<html>
<body>
<pre>
<h1>µVision Build Log</h1>
<h2>Tool Versions:</h2>
IDE-Version: µVision V5.24.1
Copyright (C) 2017 ARM Ltd and ARM Germany GmbH. All rights reserved.
License Information: Christian Rangel, Central University of Venezuela, LIC=TA3Y8-32GA8-GNPA5-GQXL4-VHYEL-BR8CF
 
Tool Versions:
Toolchain:       MDK-ARM Professional  Version: 5.24.1
Toolchain Path:  C:\Keil_v5\ARM\ARMCC\Bin
C Compiler:      Armcc.exe V5.06 update 5 (build 528)
Assembler:       Armasm.exe V5.06 update 5 (build 528)
Linker/Locator:  ArmLink.exe V5.06 update 5 (build 528)
Library Manager: ArmAr.exe V5.06 update 5 (build 528)
Hex Converter:   FromElf.exe V5.06 update 5 (build 528)
CPU DLL:         SARMCM3.DLL V5.24.1
Dialog DLL:      DCM.DLL V1.16.0.0
Target DLL:      STLink\ST-LINKIII-KEIL_SWO.dll V3.0.1.0
Dialog DLL:      TCM.DLL V1.32.0.0
 
<h2>Project:</h2>
C:\Users\Usuario\Desktop\Codigo del sistema Tesis\SistMushrooms\MDK-ARM\ejProyectoMushrooms.uvprojx
Project File Date:  04/22/2018

<h2>Output:</h2>
*** Using Compiler 'V5.06 update 5 (build 528)', folder: 'C:\Keil_v5\ARM\ARMCC\Bin'
Rebuild target 'ejProyectoMushrooms'
compiling stm32f4xx_hal_rcc_ex.c...
compiling stm32f4xx_hal.c...
compiling stm32f4xx_hal_flash.c...
compiling stm32f4xx_hal_adc.c...
compiling stm32f4xx_hal_rcc.c...
compiling stm32f4xx_hal_tim.c...
compiling stm32f4xx_hal_adc_ex.c...
compiling stm32f4xx_hal_tim_ex.c...
compiling stm32f4xx_hal_uart.c...
compiling stm32f4xx_hal_cortex.c...
compiling stm32f4xx_hal_flash_ex.c...
compiling stm32f4xx_hal_dma_ex.c...
compiling stm32f4xx_hal_gpio.c...
compiling stm32f4xx_hal_rtc_ex.c...
compiling stm32f4xx_hal_rtc.c...
compiling stm32f4xx_hal_pwr.c...
compiling stm32f4xx_hal_pwr_ex.c...
compiling stm32f4xx_hal_dma.c...
compiling stm32f4xx_hal_flash_ramfunc.c...
compiling DHT11.c...
..\Lib\DHT11\DHT11.c(6): warning:  #940-D: missing return statement at end of non-void function "micros" 
  }
..\Lib\DHT11\DHT11.c(10): warning:  #940-D: missing return statement at end of non-void function "millis" 
  }
..\Lib\DHT11\DHT11.c: 2 warnings, 0 errors
compiling STM_MY_LCD16X2.c...
compiling fase.c...
compiling controlAmbiental.c...
compiling menu.c...
compiling humAmb.c...
compiling humComp.c...
compiling humTemp.c...
compiling light.c...
compiling soilHumidity.c...
compiling tempAmb.c...
compiling tempComp.c...
compiling ctrlFase.c...
compiling AT.c...
compiling tempMCU.c...
compiling funcionInicializacion.c...
compiling Fibocom.c...
compiling confgGSM.c...
compiling responseSMS.c...
compiling confgGPRS.c...
compiling getHTTP.c...
compiling sendMessage.c...
compiling postHTTP.c...
compiling stm32f4xx_hal_msp.c...
compiling system_stm32f4xx.c...
assembling startup_stm32f401xe.s...
compiling main.c...
../Src/main.c(665): warning:  #186-D: pointless comparison of unsigned integer with zero
  					if( ( _hour.hValue >= 0x00 ) && (_hour.hValue <= 0x03 ) ) 
../Src/main.c: 1 warning, 0 errors
compiling stm32f4xx_it.c...
linking...
Program Size: Code=32960 RO-data=800 RW-data=1620 ZI-data=3860  
"ejProyectoMushrooms\ejProyectoMushrooms.axf" - 0 Error(s), 3 Warning(s).

<h2>Software Packages used:</h2>

Package Vendor: ARM
                http://www.keil.com/pack/ARM.CMSIS.5.0.1.pack
                ARM.CMSIS.5.0.1
                CMSIS (Cortex Microcontroller Software Interface Standard)
   * Component: CORE Version: 5.0.1

Package Vendor: Keil
                http://www.keil.com/pack/Keil.STM32F4xx_DFP.2.11.0.pack
                Keil.STM32F4xx_DFP.2.11.0
                STMicroelectronics STM32F4 Series Device Support, Drivers and Examples

<h2>Collection of Component include folders:</h2>
  .\RTE\_ejProyectoMushrooms
  C:\Keil_v5\ARM\PACK\ARM\CMSIS\5.0.1\CMSIS\Include
  C:\Keil_v5\ARM\PACK\Keil\STM32F4xx_DFP\2.11.0\Drivers\CMSIS\Device\ST\STM32F4xx\Include

<h2>Collection of Component Files used:</h2>

   * Component: ARM::CMSIS:CORE:5.0.1
Build Time Elapsed:  00:00:39
</pre>
</body>
</html>
